Component: ARM Compiler 5.06 update 7 (build 960) Tool: armlink [4d3601]

==============================================================================

Section Cross References

    app.o(i.AppObjCreate) refers to os_sem.o(i.OSSemCreate) for OSSemCreate
    app.o(i.AppObjCreate) refers to os_mutex.o(i.OSMutexCreate) for OSMutexCreate
    app.o(i.AppObjCreate) refers to os_q.o(i.OSQCreate) for OSQCreate
    app.o(i.AppObjCreate) refers to os_flag.o(i.OSFlagCreate) for OSFlagCreate
    app.o(i.AppObjCreate) refers to app.o(.bss) for AppTaskObjSem
    app.o(i.AppTaskCreate) refers to os_task.o(i.OSTaskCreate) for OSTaskCreate
    app.o(i.AppTaskCreate) refers to app.o(.bss) for AppTaskObj0Stk
    app.o(i.AppTaskCreate) refers to app.o(i.AppTaskObj0) for AppTaskObj0
    app.o(i.AppTaskCreate) refers to app.o(i.AppTaskObj1) for AppTaskObj1
    app.o(i.AppTaskCreate) refers to app.o(i.AppTaskEq0Fp) for AppTaskEq0Fp
    app.o(i.AppTaskCreate) refers to app.o(i.AppTaskEq1Fp) for AppTaskEq1Fp
    app.o(i.AppTaskEq0Fp) refers to f2d.o(.text) for __aeabi_f2d
    app.o(i.AppTaskEq0Fp) refers to dmul.o(.text) for __aeabi_dmul
    app.o(i.AppTaskEq0Fp) refers to d2f.o(.text) for __aeabi_d2f
    app.o(i.AppTaskEq0Fp) refers to ddiv.o(.text) for __aeabi_ddiv
    app.o(i.AppTaskEq0Fp) refers to cos.o(i.__hardfp_cos) for __hardfp_cos
    app.o(i.AppTaskEq0Fp) refers to sin.o(i.__hardfp_sin) for __hardfp_sin
    app.o(i.AppTaskEq0Fp) refers to dadd.o(.text) for __aeabi_dsub
    app.o(i.AppTaskEq0Fp) refers to exp.o(i.__hardfp_exp) for __hardfp_exp
    app.o(i.AppTaskEq0Fp) refers to cdrcmple.o(.text) for __aeabi_cdrcmple
    app.o(i.AppTaskEq0Fp) refers to cdcmple.o(.text) for __aeabi_cdcmple
    app.o(i.AppTaskEq0Fp) refers to lib_math.o(i.Math_Rand) for Math_Rand
    app.o(i.AppTaskEq1Fp) refers to f2d.o(.text) for __aeabi_f2d
    app.o(i.AppTaskEq1Fp) refers to dmul.o(.text) for __aeabi_dmul
    app.o(i.AppTaskEq1Fp) refers to d2f.o(.text) for __aeabi_d2f
    app.o(i.AppTaskEq1Fp) refers to ddiv.o(.text) for __aeabi_ddiv
    app.o(i.AppTaskEq1Fp) refers to dadd.o(.text) for __aeabi_dsub
    app.o(i.AppTaskEq1Fp) refers to cdrcmple.o(.text) for __aeabi_cdrcmple
    app.o(i.AppTaskEq1Fp) refers to cdcmple.o(.text) for __aeabi_cdcmple
    app.o(i.AppTaskEq1Fp) refers to lib_math.o(i.Math_Rand) for Math_Rand
    app.o(i.AppTaskObj0) refers to os_sem.o(i.OSSemPost) for OSSemPost
    app.o(i.AppTaskObj0) refers to os_mutex.o(i.OSMutexPend) for OSMutexPend
    app.o(i.AppTaskObj0) refers to os_time.o(i.OSTimeDlyHMSM) for OSTimeDlyHMSM
    app.o(i.AppTaskObj0) refers to os_mutex.o(i.OSMutexPost) for OSMutexPost
    app.o(i.AppTaskObj0) refers to os_q.o(i.OSQPost) for OSQPost
    app.o(i.AppTaskObj0) refers to os_flag.o(i.OSFlagPost) for OSFlagPost
    app.o(i.AppTaskObj0) refers to app.o(.bss) for AppTaskObjSem
    app.o(i.AppTaskObj1) refers to os_sem.o(i.OSSemPend) for OSSemPend
    app.o(i.AppTaskObj1) refers to os_mutex.o(i.OSMutexPend) for OSMutexPend
    app.o(i.AppTaskObj1) refers to os_mutex.o(i.OSMutexPost) for OSMutexPost
    app.o(i.AppTaskObj1) refers to os_q.o(i.OSQPend) for OSQPend
    app.o(i.AppTaskObj1) refers to os_flag.o(i.OSFlagPend) for OSFlagPend
    app.o(i.AppTaskObj1) refers to os_time.o(i.OSTimeDlyHMSM) for OSTimeDlyHMSM
    app.o(i.AppTaskObj1) refers to app.o(.bss) for AppTaskObjSem
    app.o(i.AppTaskStart) refers to bsp.o(i.BSP_Init) for BSP_Init
    app.o(i.AppTaskStart) refers to cpu_core.o(i.CPU_Init) for CPU_Init
    app.o(i.AppTaskStart) refers to os_stat.o(i.OSStatTaskCPUUsageInit) for OSStatTaskCPUUsageInit
    app.o(i.AppTaskStart) refers to cpu_core.o(i.CPU_IntDisMeasMaxCurReset) for CPU_IntDisMeasMaxCurReset
    app.o(i.AppTaskStart) refers to app.o(i.AppObjCreate) for AppObjCreate
    app.o(i.AppTaskStart) refers to app.o(i.AppTaskCreate) for AppTaskCreate
    app.o(i.AppTaskStart) refers to bsp.o(i.BSP_LED_Off) for BSP_LED_Off
    app.o(i.AppTaskStart) refers to bsp.o(i.BSP_LED_Toggle) for BSP_LED_Toggle
    app.o(i.AppTaskStart) refers to os_time.o(i.OSTimeDlyHMSM) for OSTimeDlyHMSM
    app.o(i.AppTrace) refers to printfa.o(i.__0vsnprintf) for vsnprintf
    app.o(i.AppTrace) refers to os_sem.o(i.OSSemPend) for OSSemPend
    app.o(i.AppTrace) refers to printfa.o(i.__0printf) for __2printf
    app.o(i.AppTrace) refers to os_sem.o(i.OSSemPost) for OSSemPost
    app.o(i.AppTrace) refers to app.o(.bss) for AppTraceSem
    app.o(i.main) refers to stm32f3xx_hal.o(i.HAL_Init) for HAL_Init
    app.o(i.main) refers to lib_mem.o(i.Mem_Init) for Mem_Init
    app.o(i.main) refers to lib_math.o(i.Math_Init) for Math_Init
    app.o(i.main) refers to cpu_core.o(i.CPU_NameSet) for CPU_NameSet
    app.o(i.main) refers to bsp_int.o(i.BSP_IntDisAll) for BSP_IntDisAll
    app.o(i.main) refers to os_core.o(i.OSInit) for OSInit
    app.o(i.main) refers to os_app_hooks.o(i.App_OS_SetAllHooks) for App_OS_SetAllHooks
    app.o(i.main) refers to os_task.o(i.OSTaskCreate) for OSTaskCreate
[...]
    _main_cpp_init                           0x08000191   Thumb Code     0  entry8b.o(.ARM.Collect$$$$0000000A)
    _main_init                               0x08000191   Thumb Code     0  entry9a.o(.ARM.Collect$$$$0000000B)
    __rt_lib_shutdown_fini                   0x08000199   Thumb Code     0  entry12b.o(.ARM.Collect$$$$0000000E)
    __rt_final_cpp                           0x0800019d   Thumb Code     0  entry10a.o(.ARM.Collect$$$$0000000F)
    __rt_final_exit                          0x0800019d   Thumb Code     0  entry11a.o(.ARM.Collect$$$$00000011)
    Reset_Handler                            0x080001a1   Thumb Code    40  startup.o(.text)
    App_NMI_ISR                              0x080001c9   Thumb Code     2  startup.o(.text)
    App_Fault_ISR                            0x080001cb   Thumb Code     2  startup.o(.text)
    App_MemFault_ISR                         0x080001cd   Thumb Code     2  startup.o(.text)
    App_BusFault_ISR                         0x080001cf   Thumb Code     2  startup.o(.text)
    App_UsageFault_ISR                       0x080001d1   Thumb Code     2  startup.o(.text)
    App_Spurious_ISR                         0x080001d3   Thumb Code     2  startup.o(.text)
    App_Reserved_ISR                         0x080001d5   Thumb Code     2  startup.o(.text)
    CPU_IntDis                               0x080001e9   Thumb Code     0  cpu_a.o(.text)
    CPU_IntEn                                0x080001ed   Thumb Code     0  cpu_a.o(.text)
    CPU_SR_Save                              0x080001f1   Thumb Code     0  cpu_a.o(.text)
    CPU_SR_Restore                           0x080001f9   Thumb Code     0  cpu_a.o(.text)
    CPU_WaitForInt                           0x080001ff   Thumb Code     0  cpu_a.o(.text)
    CPU_WaitForExcept                        0x08000203   Thumb Code     0  cpu_a.o(.text)
    CPU_CntLeadZeros                         0x08000207   Thumb Code     0  cpu_a.o(.text)
    CPU_CntTrailZeros                        0x0800020d   Thumb Code     0  cpu_a.o(.text)
    CPU_RevBits                              0x08000217   Thumb Code     0  cpu_a.o(.text)
    __aeabi_llsr                             0x0800021d   Thumb Code    32  llushr.o(.text)
    _ll_ushift_r                             0x0800021d   Thumb Code     0  llushr.o(.text)
    __aeabi_dadd                             0x0800023d   Thumb Code   322  dadd.o(.text)
    __aeabi_dsub                             0x0800037f   Thumb Code     6  dadd.o(.text)
    __aeabi_drsub                            0x08000385   Thumb Code     6  dadd.o(.text)
    __aeabi_dmul                             0x0800038b   Thumb Code   228  dmul.o(.text)
    __aeabi_ddiv                             0x0800046f   Thumb Code   222  ddiv.o(.text)
    __aeabi_f2d                              0x0800054d   Thumb Code    38  f2d.o(.text)
    __aeabi_cdcmpeq                          0x08000575   Thumb Code     0  cdcmple.o(.text)
    __aeabi_cdcmple                          0x08000575   Thumb Code    48  cdcmple.o(.text)
    __aeabi_cdrcmple                         0x080005a5   Thumb Code    48  cdrcmple.o(.text)
    __aeabi_d2f                              0x080005d5   Thumb Code    56  d2f.o(.text)
    __aeabi_llsl                             0x0800060d   Thumb Code    30  llshl.o(.text)
    _ll_shift_l                              0x0800060d   Thumb Code     0  llshl.o(.text)
    __aeabi_lasr                             0x0800062b   Thumb Code    36  llsshr.o(.text)
    _ll_sshift_r                             0x0800062b   Thumb Code     0  llsshr.o(.text)
    __I$use$fp                               0x0800064f   Thumb Code     0  iusefp.o(.text)
    _float_round                             0x0800064f   Thumb Code    18  fepilogue.o(.text)
    _float_epilogue                          0x08000661   Thumb Code    92  fepilogue.o(.text)
    _double_round                            0x080006bd   Thumb Code    30  depilogue.o(.text)
    _double_epilogue                         0x080006db   Thumb Code   156  depilogue.o(.text)
    __aeabi_i2d                              0x08000777   Thumb Code    34  dflti.o(.text)
    __aeabi_d2iz                             0x08000799   Thumb Code    62  dfixi.o(.text)
    __scatterload                            0x080007d9   Thumb Code    28  init.o(.text)
    __scatterload_rt2                        0x080007d9   Thumb Code     0  init.o(.text)
    __aeabi_ui2d                             0x080007fd   Thumb Code    26  dfltui.o(.text)
    OS_CPU_FP_Reg_Push                       0x08000819   Thumb Code     0  os_cpu_a.o(CODE)
    OS_CPU_FP_Reg_Pop                        0x08000833   Thumb Code     0  os_cpu_a.o(CODE)
    OSStartHighRdy                           0x08000845   Thumb Code     0  os_cpu_a.o(CODE)
    OSCtxSw                                  0x080008c1   Thumb Code     0  os_cpu_a.o(CODE)
    OSIntCtxSw                               0x080008cb   Thumb Code     0  os_cpu_a.o(CODE)
    OS_CPU_PendSVHandler                     0x080008d5   Thumb Code     0  os_cpu_a.o(CODE)
    App_OS_IdleTaskHook                      0x08001281   Thumb Code     2  os_app_hooks.o(i.App_OS_IdleTaskHook)
    App_OS_SetAllHooks                       0x08001285   Thumb Code    84  os_app_hooks.o(i.App_OS_SetAllHooks)
    App_OS_StatTaskHook                      0x08001311   Thumb Code     2  os_app_hooks.o(i.App_OS_StatTaskHook)
    App_OS_TaskCreateHook                    0x08001313   Thumb Code     2  os_app_hooks.o(i.App_OS_TaskCreateHook)
    App_OS_TaskDelHook                       0x08001315   Thumb Code     2  os_app_hooks.o(i.App_OS_TaskDelHook)
    App_OS_TaskReturnHook                    0x08001317   Thumb Code     2  os_app_hooks.o(i.App_OS_TaskReturnHook)
    App_OS_TaskSwHook                        0x08001319   Thumb Code     2  os_app_hooks.o(i.App_OS_TaskSwHook)
    App_OS_TimeTickHook                      0x0800131b   Thumb Code     8  os_app_hooks.o(i.App_OS_TimeTickHook)
    BSP_CPU_ClkFreq                          0x08001323   Thumb Code    12  bsp.o(i.BSP_CPU_ClkFreq)
    BSP_Init                                 0x08001331   Thumb Code   126  bsp.o(i.BSP_Init)
    BSP_IntDisAll                            0x080013b9   Thumb Code     8  bsp_int.o(i.BSP_IntDisAll)
    BSP_IntHandlerADC                        0x08001409   Thumb Code    10  bsp_int.o(i.BSP_IntHandlerADC)
    BSP_IntHandlerCAN1_RX0                   0x08001413   Thumb Code    10  bsp_int.o(i.BSP_IntHandlerCAN1_RX0)
    BSP_IntHandlerCAN1_RX1                   0x0800141d   Thumb Code    10  bsp_int.o(i.BSP_IntHandlerCAN1_RX1)
    BSP_IntHandlerCAN1_SCE                   0x08001427   Thumb Code    10  bsp_int.o(i.BSP_IntHandlerCAN1_SCE)
    BSP_IntHandlerCAN1_TX                    0x08001431   Thumb Code    10  bsp_int.o(i.BSP_IntHandlerCAN1_TX)
    BSP_IntHandlerCAN2_RX0                   0x0800143b   Thumb Code    10  bsp_int.o(i.BSP_IntHandlerCAN2_RX0)
    BSP_IntHandlerCAN2_RX1                   0x08001445   Thumb Code    10  bsp_int.o(i.BSP_IntHandlerCAN2_RX1)
    BSP_IntHandlerCAN2_SCE                   0x0800144f   Thumb Code    10  bsp_int.o(i.BSP_IntHandlerCAN2_SCE)
    BSP_IntHandlerCAN2_TX                    0x08001459   Thumb Code    10  bsp_int.o(i.BSP_IntHandlerCAN2_TX)
    BSP_IntHandlerCRYP                       0x08001463   Thumb Code    10  bsp_int.o(i.BSP_IntHandlerCRYP)
    BSP_IntHandlerDCMI                       0x0800146d   Thumb Code    10  bsp_int.o(i.BSP_IntHandlerDCMI)
    BSP_IntHandlerDMA1_CH0                   0x08001477   Thumb Code    10  bsp_int.o(i.BSP_IntHandlerDMA1_CH0)
    BSP_IntHandlerDMA1_CH1                   0x08001481   Thumb Code    10  bsp_int.o(i.BSP_IntHandlerDMA1_CH1)
    BSP_IntHandlerDMA1_CH2                   0x0800148b   Thumb Code    10  bsp_int.o(i.BSP_IntHandlerDMA1_CH2)
    BSP_IntHandlerDMA1_CH3                   0x08001495   Thumb Code    10  bsp_int.o(i.BSP_IntHandlerDMA1_CH3)
    BSP_IntHandlerDMA1_CH4                   0x0800149f   Thumb Code    10  bsp_int.o(i.BSP_IntHandlerDMA1_CH4)
    BSP_IntHandlerDMA1_CH5                   0x080014a9   Thumb Code    10  bsp_int.o(i.BSP_IntHandlerDMA1_CH5)
    BSP_IntHandlerDMA1_CH6                   0x080014b3   Thumb Code    10  bsp_int.o(i.BSP_IntHandlerDMA1_CH6)
    BSP_IntHandlerDMA1_STREAM7               0x080014bd   Thumb Code    10  bsp_int.o(i.BSP_IntHandlerDMA1_STREAM7)
    BSP_IntHandlerDMA2_CH0                   0x080014c7   Thumb Code    10  bsp_int.o(i.BSP_IntHandlerDMA2_CH0)
    BSP_IntHandlerDMA2_CH1                   0x080014d1   Thumb Code    10  bsp_int.o(i.BSP_IntHandlerDMA2_CH1)
    BSP_IntHandlerDMA2_CH2                   0x080014db   Thumb Code    10  bsp_int.o(i.BSP_IntHandlerDMA2_CH2)
    BSP_IntHandlerDMA2_CH3                   0x080014e5   Thumb Code    10  bsp_int.o(i.BSP_IntHandlerDMA2_CH3)
    BSP_IntHandlerDMA2_CH4                   0x080014ef   Thumb Code    10  bsp_int.o(i.BSP_IntHandlerDMA2_CH4)
    BSP_IntHandlerDMA2_CH5                   0x080014f9   Thumb Code    10  bsp_int.o(i.BSP_IntHandlerDMA2_CH5)
    BSP_IntHandlerDMA2_CH6                   0x08001503   Thumb Code    10  bsp_int.o(i.BSP_IntHandlerDMA2_CH6)
    BSP_IntHandlerDMA2_CH7                   0x0800150d   Thumb Code    10  bsp_int.o(i.BSP_IntHandlerDMA2_CH7)
    BSP_IntHandlerETH                        0x0800151b   Thumb Code    10  bsp_int.o(i.BSP_IntHandlerETH)
    BSP_IntHandlerETHWakeup                  0x08001525   Thumb Code    10  bsp_int.o(i.BSP_IntHandlerETHWakeup)
    BSP_IntHandlerEXTI0                      0x0800152f   Thumb Code    10  bsp_int.o(i.BSP_IntHandlerEXTI0)
    BSP_IntHandlerEXTI1                      0x08001539   Thumb Code    10  bsp_int.o(i.BSP_IntHandlerEXTI1)
    BSP_IntHandlerEXTI15_10                  0x08001543   Thumb Code    10  bsp_int.o(i.BSP_IntHandlerEXTI15_10)
    BSP_IntHandlerEXTI2                      0x0800154d   Thumb Code    10  bsp_int.o(i.BSP_IntHandlerEXTI2)
    BSP_IntHandlerEXTI3                      0x08001557   Thumb Code    10  bsp_int.o(i.BSP_IntHandlerEXTI3)
    BSP_IntHandlerEXTI4                      0x08001561   Thumb Code    10  bsp_int.o(i.BSP_IntHandlerEXTI4)
    BSP_IntHandlerEXTI9_5                    0x0800156b   Thumb Code    10  bsp_int.o(i.BSP_IntHandlerEXTI9_5)
    BSP_IntHandlerFLASH                      0x08001575   Thumb Code    10  bsp_int.o(i.BSP_IntHandlerFLASH)
    BSP_IntHandlerFPU                        0x0800157f   Thumb Code    10  bsp_int.o(i.BSP_IntHandlerFPU)
    BSP_IntHandlerFSMC                       0x08001589   Thumb Code    10  bsp_int.o(i.BSP_IntHandlerFSMC)
    BSP_IntHandlerHASH_RNG                   0x08001593   Thumb Code    10  bsp_int.o(i.BSP_IntHandlerHASH_RNG)
    BSP_IntHandlerI2C1_ER                    0x0800159d   Thumb Code    10  bsp_int.o(i.BSP_IntHandlerI2C1_ER)
    BSP_IntHandlerI2C1_EV                    0x080015a7   Thumb Code    10  bsp_int.o(i.BSP_IntHandlerI2C1_EV)
    BSP_IntHandlerI2C2_ER                    0x080015b1   Thumb Code    10  bsp_int.o(i.BSP_IntHandlerI2C2_ER)
    BSP_IntHandlerI2C2_EV                    0x080015bb   Thumb Code    10  bsp_int.o(i.BSP_IntHandlerI2C2_EV)
    BSP_IntHandlerI2C3_ER                    0x080015c5   Thumb Code    10  bsp_int.o(i.BSP_IntHandlerI2C3_ER)
    BSP_IntHandlerI2C3_EV                    0x080015cf   Thumb Code    10  bsp_int.o(i.BSP_IntHandlerI2C3_EV)
    BSP_IntHandlerOTG_FS                     0x080015d9   Thumb Code    10  bsp_int.o(i.BSP_IntHandlerOTG_FS)
    BSP_IntHandlerOTG_FS_WKUP                0x080015e3   Thumb Code    10  bsp_int.o(i.BSP_IntHandlerOTG_FS_WKUP)
    BSP_IntHandlerOTG_HS                     0x080015ed   Thumb Code    10  bsp_int.o(i.BSP_IntHandlerOTG_HS)
    BSP_IntHandlerOTG_HS_EP1_IN              0x080015f7   Thumb Code    10  bsp_int.o(i.BSP_IntHandlerOTG_HS_EP1_IN)
    BSP_IntHandlerOTG_HS_EP1_OUT             0x08001601   Thumb Code    10  bsp_int.o(i.BSP_IntHandlerOTG_HS_EP1_OUT)
    BSP_IntHandlerOTG_HS_WKUP                0x0800160b   Thumb Code    10  bsp_int.o(i.BSP_IntHandlerOTG_HS_WKUP)
    BSP_IntHandlerPVD                        0x08001615   Thumb Code    10  bsp_int.o(i.BSP_IntHandlerPVD)
    BSP_IntHandlerRCC                        0x0800161f   Thumb Code    10  bsp_int.o(i.BSP_IntHandlerRCC)
    BSP_IntHandlerRTCAlarm                   0x08001629   Thumb Code    10  bsp_int.o(i.BSP_IntHandlerRTCAlarm)
    BSP_IntHandlerRTC_WKUP                   0x08001633   Thumb Code    10  bsp_int.o(i.BSP_IntHandlerRTC_WKUP)
    BSP_IntHandlerSDIO                       0x0800163d   Thumb Code    10  bsp_int.o(i.BSP_IntHandlerSDIO)
    BSP_IntHandlerSPI1                       0x08001647   Thumb Code    10  bsp_int.o(i.BSP_IntHandlerSPI1)
    BSP_IntHandlerSPI2                       0x08001651   Thumb Code    10  bsp_int.o(i.BSP_IntHandlerSPI2)
    BSP_IntHandlerSPI3                       0x0800165b   Thumb Code    10  bsp_int.o(i.BSP_IntHandlerSPI3)
    BSP_IntHandlerTAMP_STAMP                 0x08001665   Thumb Code    10  bsp_int.o(i.BSP_IntHandlerTAMP_STAMP)
    BSP_IntHandlerTIM1_BRK_TIM9              0x0800166f   Thumb Code    10  bsp_int.o(i.BSP_IntHandlerTIM1_BRK_TIM9)
    BSP_IntHandlerTIM1_CC                    0x08001679   Thumb Code    10  bsp_int.o(i.BSP_IntHandlerTIM1_CC)
    BSP_IntHandlerTIM1_TRG_COM_TIM11         0x08001683   Thumb Code    10  bsp_int.o(i.BSP_IntHandlerTIM1_TRG_COM_TIM11)
    BSP_IntHandlerTIM1_UP_TIM10              0x0800168d   Thumb Code    10  bsp_int.o(i.BSP_IntHandlerTIM1_UP_TIM10)
    BSP_IntHandlerTIM2                       0x08001697   Thumb Code    10  bsp_int.o(i.BSP_IntHandlerTIM2)
    BSP_IntHandlerTIM3                       0x080016a1   Thumb Code    10  bsp_int.o(i.BSP_IntHandlerTIM3)
    BSP_IntHandlerTIM4                       0x080016ab   Thumb Code    10  bsp_int.o(i.BSP_IntHandlerTIM4)
    BSP_IntHandlerTIM5                       0x080016b5   Thumb Code    10  bsp_int.o(i.BSP_IntHandlerTIM5)
    BSP_IntHandlerTIM6_DAC                   0x080016bf   Thumb Code    10  bsp_int.o(i.BSP_IntHandlerTIM6_DAC)
    BSP_IntHandlerTIM7                       0x080016c9   Thumb Code    10  bsp_int.o(i.BSP_IntHandlerTIM7)
    BSP_IntHandlerTIM8_BRK_TIM12             0x080016d3   Thumb Code    10  bsp_int.o(i.BSP_IntHandlerTIM8_BRK_TIM12)
    BSP_IntHandlerTIM8_CC                    0x080016dd   Thumb Code    10  bsp_int.o(i.BSP_IntHandlerTIM8_CC)
    BSP_IntHandlerTIM8_TRG_COM_TIM14         0x080016e7   Thumb Code    10  bsp_int.o(i.BSP_IntHandlerTIM8_TRG_COM_TIM14)
    BSP_IntHandlerTIM8_UP_TIM13              0x080016f1   Thumb Code    10  bsp_int.o(i.BSP_IntHandlerTIM8_UP_TIM13)
    BSP_IntHandlerUSART1                     0x080016fb   Thumb Code    10  bsp_int.o(i.BSP_IntHandlerUSART1)
    BSP_IntHandlerUSART2                     0x08001705   Thumb Code    10  bsp_int.o(i.BSP_IntHandlerUSART2)
    BSP_IntHandlerUSART3                     0x0800170f   Thumb Code    10  bsp_int.o(i.BSP_IntHandlerUSART3)
    BSP_IntHandlerUSART4                     0x08001719   Thumb Code    10  bsp_int.o(i.BSP_IntHandlerUSART4)
    BSP_IntHandlerUSART5                     0x08001723   Thumb Code    10  bsp_int.o(i.BSP_IntHandlerUSART5)
    BSP_IntHandlerUSART6                     0x0800172d   Thumb Code    10  bsp_int.o(i.BSP_IntHandlerUSART6)
    BSP_IntHandlerWWDG                       0x08001737   Thumb Code    10  bsp_int.o(i.BSP_IntHandlerWWDG)
    BSP_IntInit                              0x08001741   Thumb Code    22  bsp_int.o(i.BSP_IntInit)
    BSP_IntVectSet                           0x0800175d   Thumb Code    56  bsp_int.o(i.BSP_IntVectSet)
    BSP_LED_Off                              0x0800179b   Thumb Code     2  bsp.o(i.BSP_LED_Off)
    BSP_LED_Toggle                           0x0800179d   Thumb Code     2  bsp.o(i.BSP_LED_Toggle)
    BSP_Tick_Init                            0x080017a1   Thumb Code    24  bsp.o(i.BSP_Tick_Init)
    CPU_Init                                 0x080017bd   Thumb Code    16  cpu_core.o(i.CPU_Init)
    CPU_IntDisMeasMaxCurGet                  0x0800186d   Thumb Code    40  cpu_core.o(i.CPU_IntDisMeasMaxCurGet)
    CPU_IntDisMeasMaxCurReset                0x08001899   Thumb Code    40  cpu_core.o(i.CPU_IntDisMeasMaxCurReset)
    CPU_IntDisMeasMaxGet                     0x080018c5   Thumb Code    40  cpu_core.o(i.CPU_IntDisMeasMaxGet)
    CPU_IntDisMeasStart                      0x080018f1   Thumb Code    38  cpu_core.o(i.CPU_IntDisMeasStart)
    CPU_IntDisMeasStop                       0x08001925   Thumb Code    62  cpu_core.o(i.CPU_IntDisMeasStop)
    CPU_NameClr                              0x08001979   Thumb Code    50  cpu_core.o(i.CPU_NameClr)
    CPU_NameSet                              0x080019b9   Thumb Code   104  cpu_core.o(i.CPU_NameSet)
    CPU_SW_Exception                         0x08001a25   Thumb Code     4  cpu_core.o(i.CPU_SW_Exception)
    CPU_TS_TmrFreqSet                        0x08001a3d   Thumb Code     6  cpu_core.o(i.CPU_TS_TmrFreqSet)
    CPU_TS_TmrInit                           0x08001a49   Thumb Code    44  cpu_bsp.o(i.CPU_TS_TmrInit)
    CPU_TS_TmrRd                             0x08001a7d   Thumb Code     6  cpu_bsp.o(i.CPU_TS_TmrRd)
    HAL_GetREVID                             0x08001a89   Thumb Code     8  stm32f3xx_hal.o(i.HAL_GetREVID)
    HAL_GetTick                              0x08001a95   Thumb Code     6  stm32f3xx_hal.o(i.HAL_GetTick)
    HAL_IncTick                              0x08001aa1   Thumb Code    16  stm32f3xx_hal.o(i.HAL_IncTick)
    HAL_Init                                 0x08001ab9   Thumb Code    34  stm32f3xx_hal.o(i.HAL_Init)
    HAL_InitTick                             0x08001ae1   Thumb Code    24  bsp.o(i.HAL_InitTick)
    HAL_MspInit                              0x08001afd   Thumb Code     2  stm32f3xx_hal_msp_template.o(i.HAL_MspInit)
    HAL_NVIC_SetPriorityGrouping             0x08001b01   Thumb Code    32  stm32f3xx_hal_cortex.o(i.HAL_NVIC_SetPriorityGrouping)
    HAL_RCC_ClockConfig                      0x08001b29   Thumb Code   662  stm32f3xx_hal_rcc.o(i.HAL_RCC_ClockConfig)
    HAL_RCC_DeInit                           0x08001dd1   Thumb Code   238  stm32f3xx_hal_rcc.o(i.HAL_RCC_DeInit)
    HAL_RCC_GetHCLKFreq                      0x08001ed9   Thumb Code     6  stm32f3xx_hal_rcc.o(i.HAL_RCC_GetHCLKFreq)
    HAL_RCC_GetSysClockFreq                  0x08001ee5   Thumb Code   120  stm32f3xx_hal_rcc.o(i.HAL_RCC_GetSysClockFreq)
    HAL_RCC_OscConfig                        0x08001f71   Thumb Code  2554  stm32f3xx_hal_rcc.o(i.HAL_RCC_OscConfig)
    Math_Init                                0x08002975   Thumb Code    10  lib_math.o(i.Math_Init)
    Math_Rand                                0x08002981   Thumb Code    60  lib_math.o(i.Math_Rand)
    Math_RandSeed                            0x080029c1   Thumb Code    18  lib_math.o(i.Math_RandSeed)
    Math_RandSetSeed                         0x080029d9   Thumb Code    48  lib_math.o(i.Math_RandSetSeed)
    Mem_Clr                                  0x08002a0d   Thumb Code    18  lib_mem.o(i.Mem_Clr)
    Mem_Init                                 0x08002a21   Thumb Code    52  lib_mem.o(i.Mem_Init)
    Mem_SegCreate                            0x08002a69   Thumb Code    82  lib_mem.o(i.Mem_SegCreate)
    Mem_Set                                  0x08002add   Thumb Code    84  lib_mem.o(i.Mem_Set)
    OSCfg_Init                               0x08002b31   Thumb Code     2  os_cfg_app.o(i.OSCfg_Init)
    OSFlagCreate                             0x08002b35   Thumb Code    96  os_flag.o(i.OSFlagCreate)
    OSFlagPend                               0x08002b9d   Thumb Code   762  os_flag.o(i.OSFlagPend)
    OSFlagPost                               0x08002ea5   Thumb Code    58  os_flag.o(i.OSFlagPost)
    OSIdleTaskHook                           0x08002ee5   Thumb Code    16  os_cpu_c.o(i.OSIdleTaskHook)
    OSInit                                   0x08002ef9   Thumb Code   258  os_core.o(i.OSInit)
    OSInitHook                               0x08003045   Thumb Code    28  os_cpu_c.o(i.OSInitHook)
    OSIntEnter                               0x0800306d   Thumb Code    34  os_core.o(i.OSIntEnter)
    OSIntExit                                0x08003099   Thumb Code   188  os_core.o(i.OSIntExit)
    OSMutexCreate                            0x08003175   Thumb Code    98  os_mutex.o(i.OSMutexCreate)
    OSMutexPend                              0x080031e1   Thumb Code   480  os_mutex.o(i.OSMutexPend)
    OSMutexPost                              0x080033cd   Thumb Code   366  os_mutex.o(i.OSMutexPost)
    OSQCreate                                0x08003549   Thumb Code   100  os_q.o(i.OSQCreate)
    OSQPend                                  0x080035b5   Thumb Code   402  os_q.o(i.OSQPend)
    OSQPost                                  0x08003755   Thumb Code    58  os_q.o(i.OSQPost)
    OSSched                                  0x08003795   Thumb Code   134  os_core.o(i.OSSched)
    OSSchedLock                              0x08003839   Thumb Code    92  os_core.o(i.OSSchedLock)
    OSSchedUnlock                            0x0800389d   Thumb Code   128  os_core.o(i.OSSchedUnlock)
    OSSemCreate                              0x08003925   Thumb Code    96  os_sem.o(i.OSSemCreate)
    OSSemPend                                0x0800398d   Thumb Code   378  os_sem.o(i.OSSemPend)
    OSSemPost                                0x08003b15   Thumb Code    54  os_sem.o(i.OSSemPost)
    OSStart                                  0x08003b51   Thumb Code    78  os_core.o(i.OSStart)
    OSStatReset                              0x08003bb9   Thumb Code   294  os_stat.o(i.OSStatReset)
    OSStatTaskCPUUsageInit                   0x08003d01   Thumb Code   228  os_stat.o(i.OSStatTaskCPUUsageInit)
    OSStatTaskHook                           0x08003e01   Thumb Code    16  os_cpu_c.o(i.OSStatTaskHook)
    OSTaskCreate                             0x08003e15   Thumb Code   312  os_task.o(i.OSTaskCreate)
    OSTaskCreateHook                         0x08003f59   Thumb Code    20  os_cpu_c.o(i.OSTaskCreateHook)
    OSTaskResume                             0x08003f71   Thumb Code    54  os_task.o(i.OSTaskResume)
    OSTaskReturnHook                         0x08003fa9   Thumb Code    20  os_cpu_c.o(i.OSTaskReturnHook)
    OSTaskSemPend                            0x08003fc1   Thumb Code   448  os_task.o(i.OSTaskSemPend)
    OSTaskSemPost                            0x08004189   Thumb Code    36  os_task.o(i.OSTaskSemPost)
    OSTaskStkChk                             0x080041ad   Thumb Code   184  os_task.o(i.OSTaskStkChk)
    OSTaskStkInit                            0x08004269   Thumb Code   600  os_cpu_c.o(i.OSTaskStkInit)
    OSTaskSuspend                            0x0800452d   Thumb Code    32  os_task.o(i.OSTaskSuspend)
    OSTaskSwHook                             0x08004551   Thumb Code   160  os_cpu_c.o(i.OSTaskSwHook)
    OSTimeDly                                0x080045fd   Thumb Code   168  os_time.o(i.OSTimeDly)
    OSTimeDlyHMSM                            0x080046ad   Thumb Code   262  os_time.o(i.OSTimeDlyHMSM)
    OSTimeTick                               0x080047c1   Thumb Code    50  os_time.o(i.OSTimeTick)
    OSTimeTickHook                           0x08004805   Thumb Code    16  os_cpu_c.o(i.OSTimeTickHook)
    OS_CPU_SysTickHandler                    0x08004819   Thumb Code    60  os_cpu_c.o(i.OS_CPU_SysTickHandler)
    OS_CPU_SysTickInit                       0x08004859   Thumb Code    44  os_cpu_c.o(i.OS_CPU_SysTickInit)
    OS_Dbg_Init                              0x08004889   Thumb Code   146  os_dbg.o(i.OS_Dbg_Init)
    OS_FlagBlock                             0x08004a31   Thumb Code    56  os_flag.o(i.OS_FlagBlock)
    OS_FlagDbgListAdd                        0x08004a6d   Thumb Code    38  os_flag.o(i.OS_FlagDbgListAdd)
    OS_FlagInit                              0x08004a9d   Thumb Code    14  os_flag.o(i.OS_FlagInit)
    OS_FlagPost                              0x08004ab5   Thumb Code   372  os_flag.o(i.OS_FlagPost)
    OS_FlagTaskRdy                           0x08004c29   Thumb Code   100  os_flag.o(i.OS_FlagTaskRdy)
    OS_IdleTask                              0x08004c8d   Thumb Code    66  os_core.o(i.OS_IdleTask)
    OS_IdleTaskInit                          0x08004cd9   Thumb Code    66  os_core.o(i.OS_IdleTaskInit)
    OS_MemInit                               0x08004d49   Thumb Code    14  os_mem.o(i.OS_MemInit)
    OS_MsgPoolInit                           0x08004d61   Thumb Code    80  os_msg.o(i.OS_MsgPoolInit)
    OS_MsgQGet                               0x08004dbd   Thumb Code    98  os_msg.o(i.OS_MsgQGet)
    OS_MsgQInit                              0x08004e25   Thumb Code    14  os_msg.o(i.OS_MsgQInit)
    OS_MsgQPut                               0x08004e35   Thumb Code   254  os_msg.o(i.OS_MsgQPut)
    OS_MutexDbgListAdd                       0x08004f39   Thumb Code    38  os_mutex.o(i.OS_MutexDbgListAdd)
    OS_MutexGrpAdd                           0x08004f69   Thumb Code     8  os_mutex.o(i.OS_MutexGrpAdd)
    OS_MutexGrpPrioFindHighest               0x08004f71   Thumb Code    44  os_mutex.o(i.OS_MutexGrpPrioFindHighest)
    OS_MutexGrpRemove                        0x08004f9d   Thumb Code    28  os_mutex.o(i.OS_MutexGrpRemove)
    OS_MutexInit                             0x08004fb9   Thumb Code    14  os_mutex.o(i.OS_MutexInit)
    OS_Pend                                  0x08004fd1   Thumb Code   100  os_core.o(i.OS_Pend)
    OS_PendDataInit                          0x08005039   Thumb Code    40  os_core.o(i.OS_PendDataInit)
    OS_PendDbgNameAdd                        0x08005061   Thumb Code    66  os_core.o(i.OS_PendDbgNameAdd)
    OS_PendDbgNameRemove                     0x080050bd   Thumb Code    30  os_core.o(i.OS_PendDbgNameRemove)
    OS_PendListChangePrio                    0x080050e1   Thumb Code    58  os_core.o(i.OS_PendListChangePrio)
    OS_PendListInit                          0x0800511b   Thumb Code    10  os_core.o(i.OS_PendListInit)
    OS_PendListInsertPrio                    0x08005125   Thumb Code   102  os_core.o(i.OS_PendListInsertPrio)
    OS_PendListRemove                        0x0800518b   Thumb Code    52  os_core.o(i.OS_PendListRemove)
    OS_PendListRemove1                       0x080051bf   Thumb Code    66  os_core.o(i.OS_PendListRemove1)
    OS_Post                                  0x08005201   Thumb Code   214  os_core.o(i.OS_Post)
    OS_Post1                                 0x080052d7   Thumb Code    44  os_core.o(i.OS_Post1)
    OS_PrioGetHighest                        0x08005305   Thumb Code    36  os_prio.o(i.OS_PrioGetHighest)
    OS_PrioInit                              0x0800532d   Thumb Code    20  os_prio.o(i.OS_PrioInit)
    OS_PrioInsert                            0x08005345   Thumb Code    32  os_prio.o(i.OS_PrioInsert)
    OS_PrioRemove                            0x08005369   Thumb Code    32  os_prio.o(i.OS_PrioRemove)
    OS_QDbgListAdd                           0x0800538d   Thumb Code    38  os_q.o(i.OS_QDbgListAdd)
    OS_QInit                                 0x080053bd   Thumb Code    14  os_q.o(i.OS_QInit)
    OS_QPost                                 0x080053d5   Thumb Code   202  os_q.o(i.OS_QPost)
    OS_RdyListInit                           0x080054a1   Thumb Code    32  os_core.o(i.OS_RdyListInit)
    OS_RdyListInsert                         0x080054c5   Thumb Code    40  os_core.o(i.OS_RdyListInsert)
    OS_RdyListInsertHead                     0x080054f1   Thumb Code    58  os_core.o(i.OS_RdyListInsertHead)
    OS_RdyListInsertTail                     0x08005531   Thumb Code    56  os_core.o(i.OS_RdyListInsertTail)
    OS_RdyListRemove                         0x0800556d   Thumb Code    86  os_core.o(i.OS_RdyListRemove)
    OS_SemDbgListAdd                         0x080055c9   Thumb Code    38  os_sem.o(i.OS_SemDbgListAdd)
    OS_SemInit                               0x080055f9   Thumb Code    14  os_sem.o(i.OS_SemInit)
    OS_SemPost                               0x08005611   Thumb Code   318  os_sem.o(i.OS_SemPost)
    OS_StatTask                              0x08005751   Thumb Code   738  os_stat.o(i.OS_StatTask)
    OS_StatTaskInit                          0x08005a75   Thumb Code   136  os_stat.o(i.OS_StatTaskInit)
    OS_TaskBlock                             0x08005b41   Thumb Code    40  os_core.o(i.OS_TaskBlock)
    OS_TaskChangePrio                        0x08005b6d   Thumb Code   232  os_task.o(i.OS_TaskChangePrio)
    OS_TaskDbgListAdd                        0x08005c59   Thumb Code    42  os_task.o(i.OS_TaskDbgListAdd)
    OS_TaskInit                              0x08005c89   Thumb Code    18  os_task.o(i.OS_TaskInit)
    OS_TaskInitTCB                           0x08005ca9   Thumb Code   182  os_task.o(i.OS_TaskInitTCB)
    OS_TaskResume                            0x08005d6d   Thumb Code   284  os_task.o(i.OS_TaskResume)
    OS_TaskReturn                            0x08005e89   Thumb Code    26  os_task.o(i.OS_TaskReturn)
    OS_TaskSemPost                           0x08005ead   Thumb Code   492  os_task.o(i.OS_TaskSemPost)
    OS_TaskSuspend                           0x0800609d   Thumb Code   304  os_task.o(i.OS_TaskSuspend)
    OS_TickListInsert                        0x080061d5   Thumb Code   134  os_tick.o(i.OS_TickListInsert)
    OS_TickListInsertDly                     0x0800625d   Thumb Code   180  os_tick.o(i.OS_TickListInsertDly)
    OS_TickListRemove                        0x08006319   Thumb Code    88  os_tick.o(i.OS_TickListRemove)
    OS_TickTask                              0x0800652d   Thumb Code    98  os_tick.o(i.OS_TickTask)
    OS_TickTaskInit                          0x08006599   Thumb Code   140  os_tick.o(i.OS_TickTaskInit)
    OS_TmrInit                               0x08006661   Thumb Code   200  os_tmr.o(i.OS_TmrInit)
    OS_TmrTask                               0x080067ad   Thumb Code   134  os_tmr.o(i.OS_TmrTask)
    OS_TmrUnlink                             0x08006841   Thumb Code    58  os_tmr.o(i.OS_TmrUnlink)
    Str_Copy_N                               0x08006899   Thumb Code    70  lib_str.o(i.Str_Copy_N)
    Str_Len_N                                0x080068df   Thumb Code    28  lib_str.o(i.Str_Len_N)
    SystemInit                               0x080068fd   Thumb Code   104  system_stm32f3xx.o(i.SystemInit)
    __ARM_fpclassify                         0x08006979   Thumb Code    48  fpclassify.o(i.__ARM_fpclassify)
    __hardfp_cos                             0x080069a9   Thumb Code   180  cos.o(i.__hardfp_cos)
    __hardfp_exp                             0x08006a71   Thumb Code   714  exp.o(i.__hardfp_exp)
    __hardfp_sin                             0x08006dc9   Thumb Code   180  sin.o(i.__hardfp_sin)
    __ieee754_rem_pio2                       0x08006e91   Thumb Code   938  rred.o(i.__ieee754_rem_pio2)
    __kernel_cos                             0x080072c9   Thumb Code   322  cos_i.o(i.__kernel_cos)
    __kernel_poly                            0x08007439   Thumb Code   248  poly.o(i.__kernel_poly)
    __kernel_sin                             0x08007531   Thumb Code   280  sin_i.o(i.__kernel_sin)
    __mathlib_dbl_infnan                     0x08007661   Thumb Code    20  dunder.o(i.__mathlib_dbl_infnan)
    __mathlib_dbl_invalid                    0x08007679   Thumb Code    24  dunder.o(i.__mathlib_dbl_invalid)
    __mathlib_dbl_overflow                   0x08007699   Thumb Code    24  dunder.o(i.__mathlib_dbl_overflow)
    __mathlib_dbl_underflow                  0x080076b9   Thumb Code    24  dunder.o(i.__mathlib_dbl_underflow)
    __scatterload_copy                       0x080076d9   Thumb Code    14  handlers.o(i.__scatterload_copy)
    __scatterload_null                       0x080076e7   Thumb Code     2  handlers.o(i.__scatterload_null)
    __scatterload_zeroinit                   0x080076e9   Thumb Code    14  handlers.o(i.__scatterload_zeroinit)
    __set_errno                              0x080076f9   Thumb Code     6  errno.o(i.__set_errno)
    fabs                                     0x08007705   Thumb Code    24  fabs.o(i.fabs)
    main                                     0x0800771d   Thumb Code    96  app.o(i.main)
    AHBPrescTable                            0x080077a4   Data          16  system_stm32f3xx.o(.constdata)
    APBPrescTable                            0x080077b4   Data           8  system_stm32f3xx.o(.constdata)
    OSCfg_IdleTaskStkBasePtr                 0x080077bc   Data           4  os_cfg_app.o(.constdata)
    OSCfg_IdleTaskStkLimit                   0x080077c0   Data           4  os_cfg_app.o(.constdata)
    OSCfg_IdleTaskStkSize                    0x080077c4   Data           4  os_cfg_app.o(.constdata)
    OSCfg_IdleTaskStkSizeRAM                 0x080077c8   Data           4  os_cfg_app.o(.constdata)
    OSCfg_IntQBasePtr                        0x080077cc   Data           4  os_cfg_app.o(.constdata)
    OSCfg_IntQSize                           0x080077d0   Data           2  os_cfg_app.o(.constdata)
    OSCfg_IntQSizeRAM                        0x080077d4   Data           4  os_cfg_app.o(.constdata)
    OSCfg_IntQTaskStkBasePtr                 0x080077d8   Data           4  os_cfg_app.o(.constdata)
    OSCfg_IntQTaskStkLimit                   0x080077dc   Data           4  os_cfg_app.o(.constdata)
    OSCfg_IntQTaskStkSize                    0x080077e0   Data           4  os_cfg_app.o(.constdata)
    OSCfg_IntQTaskStkSizeRAM                 0x080077e4   Data           4  os_cfg_app.o(.constdata)
    OSCfg_ISRStkBasePtr                      0x080077e8   Data           4  os_cfg_app.o(.constdata)
    OSCfg_ISRStkSize                         0x080077ec   Data           4  os_cfg_app.o(.constdata)
    OSCfg_ISRStkSizeRAM                      0x080077f0   Data           4  os_cfg_app.o(.constdata)
    OSCfg_MsgPoolSize                        0x080077f4   Data           2  os_cfg_app.o(.constdata)
    OSCfg_MsgPoolSizeRAM                     0x080077f8   Data           4  os_cfg_app.o(.constdata)
    OSCfg_MsgPoolBasePtr                     0x080077fc   Data           4  os_cfg_app.o(.constdata)
    OSCfg_StatTaskPrio                       0x08007800   Data           1  os_cfg_app.o(.constdata)
    OSCfg_StatTaskRate_Hz                    0x08007804   Data           4  os_cfg_app.o(.constdata)
    OSCfg_StatTaskStkBasePtr                 0x08007808   Data           4  os_cfg_app.o(.constdata)
    OSCfg_StatTaskStkLimit                   0x0800780c   Data           4  os_cfg_app.o(.constdata)
    OSCfg_StatTaskStkSize                    0x08007810   Data           4  os_cfg_app.o(.constdata)
    OSCfg_StatTaskStkSizeRAM                 0x08007814   Data           4  os_cfg_app.o(.constdata)
    OSCfg_StkSizeMin                         0x08007818   Data           4  os_cfg_app.o(.constdata)
    OSCfg_TickRate_Hz                        0x0800781c   Data           4  os_cfg_app.o(.constdata)
    OSCfg_TickTaskPrio                       0x08007820   Data           1  os_cfg_app.o(.constdata)
    OSCfg_TickTaskStkBasePtr                 0x08007824   Data           4  os_cfg_app.o(.constdata)
    OSCfg_TickTaskStkLimit                   0x08007828   Data           4  os_cfg_app.o(.constdata)
    OSCfg_TickTaskStkSize                    0x0800782c   Data           4  os_cfg_app.o(.constdata)
    OSCfg_TickTaskStkSizeRAM                 0x08007830   Data           4  os_cfg_app.o(.constdata)
    OSCfg_TmrTaskPrio                        0x08007834   Data           1  os_cfg_app.o(.constdata)
    OSCfg_TmrTaskRate_Hz                     0x08007838   Data           4  os_cfg_app.o(.constdata)
    OSCfg_TmrTaskStkBasePtr                  0x0800783c   Data           4  os_cfg_app.o(.constdata)
    OSCfg_TmrTaskStkLimit                    0x08007840   Data           4  os_cfg_app.o(.constdata)
    OSCfg_TmrTaskStkSize                     0x08007844   Data           4  os_cfg_app.o(.constdata)
    OSCfg_TmrTaskStkSizeRAM                  0x08007848   Data           4  os_cfg_app.o(.constdata)
    OSCfg_DataSizeRAM                        0x0800784c   Data           4  os_cfg_app.o(.constdata)
    OSDbg_DbgEn                              0x08007850   Data           1  os_dbg.o(.constdata)
    OSDbg_ArgChkEn                           0x08007851   Data           1  os_dbg.o(.constdata)
    OSDbg_AppHooksEn                         0x08007852   Data           1  os_dbg.o(.constdata)
    OSDbg_EndiannessTest                     0x08007854   Data           4  os_dbg.o(.constdata)
    OSDbg_CalledFromISRChkEn                 0x08007858   Data           1  os_dbg.o(.constdata)
    OSDbg_FlagEn                             0x08007859   Data           1  os_dbg.o(.constdata)
    OSDbg_FlagGrp                            0x0800785c   Data          40  os_dbg.o(.constdata)
    OSDbg_FlagDelEn                          0x08007884   Data           1  os_dbg.o(.constdata)
    OSDbg_FlagModeClrEn                      0x08007885   Data           1  os_dbg.o(.constdata)
    OSDbg_FlagPendAbortEn                    0x08007886   Data           1  os_dbg.o(.constdata)
    OSDbg_FlagGrpSize                        0x08007888   Data           2  os_dbg.o(.constdata)
    OSDbg_FlagWidth                          0x0800788a   Data           2  os_dbg.o(.constdata)
    OSDbg_IntQ                               0x0800788c   Data           2  os_dbg.o(.constdata)
    OSDbg_ISRPostDeferredEn                  0x0800788e   Data           1  os_dbg.o(.constdata)
    OSDbg_Mem                                0x08007890   Data          32  os_dbg.o(.constdata)
    OSDbg_MemEn                              0x080078b0   Data           1  os_dbg.o(.constdata)
    OSDbg_MemSize                            0x080078b2   Data           2  os_dbg.o(.constdata)
    OSDbg_MsgEn                              0x080078b4   Data           1  os_dbg.o(.constdata)
    OSDbg_MsgSize                            0x080078b6   Data           2  os_dbg.o(.constdata)
    OSDbg_MsgPoolSize                        0x080078b8   Data           2  os_dbg.o(.constdata)
    OSDbg_MsgQSize                           0x080078ba   Data           2  os_dbg.o(.constdata)
    OSDbg_Mutex                              0x080078bc   Data          48  os_dbg.o(.constdata)
    OSDbg_MutexEn                            0x080078ec   Data           1  os_dbg.o(.constdata)
    OSDbg_MutexDelEn                         0x080078ed   Data           1  os_dbg.o(.constdata)
    OSDbg_MutexPendAbortEn                   0x080078ee   Data           1  os_dbg.o(.constdata)
    OSDbg_MutexSize                          0x080078f0   Data           2  os_dbg.o(.constdata)
    OSDbg_ObjTypeChkEn                       0x080078f2   Data           1  os_dbg.o(.constdata)
    OSDbg_PendMultiEn                        0x080078f3   Data           1  os_dbg.o(.constdata)
    OSDbg_PendDataSize                       0x080078f4   Data           2  os_dbg.o(.constdata)
    OSDbg_PendListSize                       0x080078f6   Data           2  os_dbg.o(.constdata)
    OSDbg_PendObjSize                        0x080078f8   Data           2  os_dbg.o(.constdata)
    OSDbg_PrioMax                            0x080078fa   Data           2  os_dbg.o(.constdata)
    OSDbg_PrioTblSize                        0x080078fc   Data           2  os_dbg.o(.constdata)
    OSDbg_PtrSize                            0x080078fe   Data           2  os_dbg.o(.constdata)
    OSDbg_Q                                  0x08007900   Data          48  os_dbg.o(.constdata)
    OSDbg_QEn                                0x08007930   Data           1  os_dbg.o(.constdata)
    OSDbg_QDelEn                             0x08007931   Data           1  os_dbg.o(.constdata)
    OSDbg_QFlushEn                           0x08007932   Data           1  os_dbg.o(.constdata)
    OSDbg_QPendAbortEn                       0x08007933   Data           1  os_dbg.o(.constdata)
    OSDbg_QSize                              0x08007934   Data           2  os_dbg.o(.constdata)
    OSDbg_SchedRoundRobinEn                  0x08007936   Data           1  os_dbg.o(.constdata)
    OSDbg_Sem                                0x08007938   Data          40  os_dbg.o(.constdata)
    OSDbg_SemEn                              0x08007960   Data           1  os_dbg.o(.constdata)
    OSDbg_SemDelEn                           0x08007961   Data           1  os_dbg.o(.constdata)
    OSDbg_SemPendAbortEn                     0x08007962   Data           1  os_dbg.o(.constdata)
    OSDbg_SemSetEn                           0x08007963   Data           1  os_dbg.o(.constdata)
    OSDbg_SemSize                            0x08007964   Data           2  os_dbg.o(.constdata)
    OSDbg_RdyList                            0x08007966   Data           2  os_dbg.o(.constdata)
    OSDbg_RdyListSize                        0x08007968   Data           4  os_dbg.o(.constdata)
    OSDbg_StkWidth                           0x0800796c   Data           1  os_dbg.o(.constdata)
    OSDbg_StatTaskEn                         0x0800796d   Data           1  os_dbg.o(.constdata)
    OSDbg_StatTaskStkChkEn                   0x0800796e   Data           1  os_dbg.o(.constdata)
    OSDbg_TaskChangePrioEn                   0x0800796f   Data           1  os_dbg.o(.constdata)
    OSDbg_TaskDelEn                          0x08007970   Data           1  os_dbg.o(.constdata)
    OSDbg_TaskQEn                            0x08007971   Data           1  os_dbg.o(.constdata)
    OSDbg_TaskQPendAbortEn                   0x08007972   Data           1  os_dbg.o(.constdata)
    OSDbg_TaskProfileEn                      0x08007973   Data           1  os_dbg.o(.constdata)
    OSDbg_TaskRegTblSize                     0x08007974   Data           2  os_dbg.o(.constdata)
    OSDbg_TaskSemPendAbortEn                 0x08007976   Data           1  os_dbg.o(.constdata)
    OSDbg_TaskSuspendEn                      0x08007977   Data           1  os_dbg.o(.constdata)
    OSDbg_TCBSize                            0x08007978   Data           2  os_dbg.o(.constdata)
    OSDbg_TickListSize                       0x0800797a   Data           2  os_dbg.o(.constdata)
    OSDbg_TimeDlyHMSMEn                      0x0800797c   Data           1  os_dbg.o(.constdata)
    OSDbg_TimeDlyResumeEn                    0x0800797d   Data           1  os_dbg.o(.constdata)
    OSDbg_TLS_TblSize                        0x0800797e   Data           2  os_dbg.o(.constdata)
    OSDbg_Tmr                                0x08007980   Data          48  os_dbg.o(.constdata)
    OSDbg_TmrEn                              0x080079b0   Data           1  os_dbg.o(.constdata)
    OSDbg_TmrDelEn                           0x080079b1   Data           1  os_dbg.o(.constdata)
    OSDbg_TmrSize                            0x080079b2   Data           2  os_dbg.o(.constdata)
    OSDbg_VersionNbr                         0x080079b4   Data           2  os_dbg.o(.constdata)
    OSDbg_DataSize                           0x080079b8   Data           4  os_dbg.o(.constdata)
    aPLLMULFactorTable                       0x080079bc   Data          16  stm32f3xx_hal_rcc.o(.constdata)
    aPredivFactorTable                       0x080079cc   Data          16  stm32f3xx_hal_rcc.o(.constdata)
    Region$$Table$$Base                      0x08007b58   Number         0  anon$$obj.o(Region$$Table)
    Region$$Table$$Limit                     0x08007b78   Number         0  anon$$obj.o(Region$$Table)
    SystemCoreClock                          0x20000000   Data           4  system_stm32f3xx.o(.data)
    CPU_TS_TmrFreq_Hz                        0x20000004   Data           4  cpu_core.o(.data)
    CPU_IntDisMeasCtr                        0x20000008   Data           2  cpu_core.o(.data)
    CPU_IntDisNestCtr                        0x2000000a   Data           2  cpu_core.o(.data)
    CPU_IntDisMeasStart_cnts                 0x2000000c   Data           4  cpu_core.o(.data)
    CPU_IntDisMeasStop_cnts                  0x20000010   Data           4  cpu_core.o(.data)
    CPU_IntDisMeasOvrhd_cnts                 0x20000014   Data           4  cpu_core.o(.data)
    CPU_IntDisMeasMaxCur_cnts                0x20000018   Data           4  cpu_core.o(.data)
    CPU_IntDisMeasMax_cnts                   0x2000001c   Data           4  cpu_core.o(.data)
    Math_RandSeedCur                         0x20000020   Data           4  lib_math.o(.data)
    Mem_SegHeadPtr                           0x20000024   Data           4  lib_mem.o(.data)
    OSPrioTbl                                0x20000028   Data           4  os_prio.o(.data)
    OS_AppTaskCreateHookPtr                  0x2000002c   Data           4  os_var.o(.data)
    OS_AppTaskDelHookPtr                     0x20000030   Data           4  os_var.o(.data)
    OS_AppTaskReturnHookPtr                  0x20000034   Data           4  os_var.o(.data)
    OS_AppIdleTaskHookPtr                    0x20000038   Data           4  os_var.o(.data)
    OS_AppStatTaskHookPtr                    0x2000003c   Data           4  os_var.o(.data)
    OS_AppTaskSwHookPtr                      0x20000040   Data           4  os_var.o(.data)
    OS_AppTimeTickHookPtr                    0x20000044   Data           4  os_var.o(.data)
    OSIdleTaskCtr                            0x20000048   Data           4  os_var.o(.data)
    OSIntNestingCtr                          0x2000004c   Data           1  os_var.o(.data)
    OSIntDisTimeMax                          0x20000050   Data           4  os_var.o(.data)
    OSRunning                                0x20000054   Data           1  os_var.o(.data)
    OSFlagDbgListPtr                         0x20000058   Data           4  os_var.o(.data)
    OSFlagQty                                0x2000005c   Data           2  os_var.o(.data)
    OSMemDbgListPtr                          0x20000060   Data           4  os_var.o(.data)
    OSMemQty                                 0x20000064   Data           2  os_var.o(.data)
    OSMutexDbgListPtr                        0x20000068   Data           4  os_var.o(.data)
    OSMutexQty                               0x2000006c   Data           2  os_var.o(.data)
    OSPrioCur                                0x2000006e   Data           1  os_var.o(.data)
    OSPrioHighRdy                            0x2000006f   Data           1  os_var.o(.data)
    OSPrioSaved                              0x20000070   Data           1  os_var.o(.data)
    OSQDbgListPtr                            0x20000074   Data           4  os_var.o(.data)
    OSQQty                                   0x20000078   Data           2  os_var.o(.data)
    OSSchedLockNestingCtr                    0x2000007a   Data           1  os_var.o(.data)
    OSSemDbgListPtr                          0x2000007c   Data           4  os_var.o(.data)
    OSSemQty                                 0x20000080   Data           2  os_var.o(.data)
    OSStatResetFlag                          0x20000082   Data           1  os_var.o(.data)
    OSStatTaskCPUUsage                       0x20000084   Data           2  os_var.o(.data)
    OSStatTaskCPUUsageMax                    0x20000086   Data           2  os_var.o(.data)
    OSStatTaskCtr                            0x20000088   Data           4  os_var.o(.data)
    OSStatTaskCtrMax                         0x2000008c   Data           4  os_var.o(.data)
    OSStatTaskCtrRun                         0x20000090   Data           4  os_var.o(.data)
    OSStatTaskRdy                            0x20000094   Data           1  os_var.o(.data)
    OSStatTaskTimeMax                        0x20000098   Data           4  os_var.o(.data)
    OSTaskCtxSwCtr                           0x2000009c   Data           4  os_var.o(.data)
    OSTaskDbgListPtr                         0x200000a0   Data           4  os_var.o(.data)
    OSTaskQty                                0x200000a4   Data           2  os_var.o(.data)
    OSTaskRegNextAvailID                     0x200000a6   Data           1  os_var.o(.data)
    OSTickCtr                                0x200000a8   Data           4  os_var.o(.data)
    OSTickTaskTimeMax                        0x200000ac   Data           4  os_var.o(.data)
    OSTickListDly                            0x200000b0   Data           8  os_var.o(.data)
    OSTickListTimeout                        0x200000b8   Data           8  os_var.o(.data)
    OSTmrDbgListPtr                          0x200000c0   Data           4  os_var.o(.data)
    OSTmrListEntries                         0x200000c4   Data           2  os_var.o(.data)
    OSTmrListPtr                             0x200000c8   Data           4  os_var.o(.data)
    OSTmrQty                                 0x200000cc   Data           2  os_var.o(.data)
    OSTmrTaskTimeMax                         0x200000d0   Data           4  os_var.o(.data)
    OSTmrTickCtr                             0x200000d4   Data           4  os_var.o(.data)
    OSTmrUpdateCnt                           0x200000d8   Data           4  os_var.o(.data)
    OSTmrUpdateCtr                           0x200000dc   Data           4  os_var.o(.data)
    OSTCBCurPtr                              0x200000e0   Data           4  os_var.o(.data)
    OSTCBHighRdyPtr                          0x200000e4   Data           4  os_var.o(.data)
    OS_CPU_ExceptStkBase                     0x200000e8   Data           4  os_cpu_c.o(.data)
    uwTick                                   0x200000ec   Data           4  stm32f3xx_hal.o(.data)
    uwTickPrio                               0x200000f0   Data           4  stm32f3xx_hal.o(.data)
    uwTickFreq                               0x200000f4   Data           1  stm32f3xx_hal.o(.data)
    CPU_Name                                 0x200022dc   Data          16  cpu_core.o(.bss)
    Mem_Heap                                 0x200022ec   Data        1024  lib_mem.o(.bss)
    Mem_SegHeap                              0x200026ec   Data          20  lib_mem.o(.bss)
    OSCfg_IdleTaskStk                        0x20002700   Data         512  os_cfg_app.o(.bss)
    OSCfg_ISRStk                             0x20002900   Data         400  os_cfg_app.o(.bss)
    OSCfg_MsgPool                            0x20002a90   Data        1600  os_cfg_app.o(.bss)
    OSCfg_StatTaskStk                        0x200030d0   Data         400  os_cfg_app.o(.bss)
    OSCfg_TickTaskStk                        0x20003260   Data         512  os_cfg_app.o(.bss)
    OSCfg_TmrTaskStk                         0x20003460   Data         512  os_cfg_app.o(.bss)
    OSIdleTaskTCB                            0x20003660   Data         192  os_var.o(.bss)
    OSMsgPool                                0x20003720   Data          12  os_var.o(.bss)
    OSRdyList                                0x2000372c   Data         384  os_var.o(.bss)
    OSStatTaskTCB                            0x200038ac   Data         192  os_var.o(.bss)
    OSTickTaskTCB                            0x2000396c   Data         192  os_var.o(.bss)
    OSTmrMutex                               0x20003a2c   Data          48  os_var.o(.bss)
    OSTmrTaskTCB                             0x20003a5c   Data         192  os_var.o(.bss)
    __initial_sp                             0x20003d20   Data           0  startup.o(STACK)



==============================================================================

Memory Map of the image

  Image Entry point : 0x08000189

  Load Region LR_IROM1 (Base: 0x08000000, Size: 0x00007c74, Max: 0x00008000, ABSOLUTE)

    Execution Region ER_IROM1 (Exec base: 0x08000000, Load base: 0x08000000, Size: 0x00007b78, Max: 0x00008000, ABSOLUTE)

    Exec Addr    Load Addr    Size         Type   Attr      Idx    E Section Name        Object

    0x08000000   0x08000000   0x00000188   Data   RO         1346    RESET               startup.o
    0x08000188   0x08000188   0x00000000   Code   RO         8425  * .ARM.Collect$$$$00000000  mc_w.l(entry.o)
    0x08000188   0x08000188   0x00000004   Code   RO         8744    .ARM.Collect$$$$00000001  mc_w.l(entry2.o)
    0x0800018c   0x0800018c   0x00000004   Code   RO         8747    .ARM.Collect$$$$00000004  mc_w.l(entry5.o)
    0x08000190   0x08000190   0x00000000   Code   RO         8749    .ARM.Collect$$$$00000008  mc_w.l(entry7b.o)
    0x08000190   0x08000190   0x00000000   Code   RO         8751    .ARM.Collect$$$$0000000A  mc_w.l(entry8b.o)
    0x08000190   0x08000190   0x00000008   Code   RO         8752    .ARM.Collect$$$$0000000B  mc_w.l(entry9a.o)
    0x08000198   0x08000198   0x00000004   Code   RO         8759    .ARM.Collect$$$$0000000E  mc_w.l(entry12b.o)
    0x0800019c   0x0800019c   0x00000000   Code   RO         8754    .ARM.Collect$$$$0000000F  mc_w.l(entry10a.o)
    0x0800019c   0x0800019c   0x00000000   Code   RO         8756    .ARM.Collect$$$$00000011  mc_w.l(entry11a.o)
    0x0800019c   0x0800019c   0x00000004   Code   RO         8745    .ARM.Collect$$$$00002712  mc_w.l(entry2.o)
    0x080001a0   0x080001a0   0x00000048   Code   RO         1347    .text               startup.o
    0x080001e8   0x080001e8   0x00000034   Code   RO         1632    .text               cpu_a.o
    0x0800021c   0x0800021c   0x00000020   Code   RO         8430    .text               mc_w.l(llushr.o)
    0x0800023c   0x0800023c   0x0000014e   Code   RO         8697    .text               mf_w.l(dadd.o)
    0x0800038a   0x0800038a   0x000000e4   Code   RO         8699    .text               mf_w.l(dmul.o)
    0x0800046e   0x0800046e   0x000000de   Code   RO         8701    .text               mf_w.l(ddiv.o)
    0x0800054c   0x0800054c   0x00000026   Code   RO         8703    .text               mf_w.l(f2d.o)
    0x08000572   0x08000572   0x00000002   PAD
    0x08000574   0x08000574   0x00000030   Code   RO         8705    .text               mf_w.l(cdcmple.o)
    0x080005a4   0x080005a4   0x00000030   Code   RO         8707    .text               mf_w.l(cdrcmple.o)
    0x080005d4   0x080005d4   0x00000038   Code   RO         8709    .text               mf_w.l(d2f.o)
    0x0800060c   0x0800060c   0x0000001e   Code   RO         8765    .text               mc_w.l(llshl.o)
    0x0800062a   0x0800062a   0x00000024   Code   RO         8767    .text               mc_w.l(llsshr.o)
    0x0800064e   0x0800064e   0x00000000   Code   RO         8776    .text               mc_w.l(iusefp.o)
    0x0800064e   0x0800064e   0x0000006e   Code   RO         8777    .text               mf_w.l(fepilogue.o)
    0x080006bc   0x080006bc   0x000000ba   Code   RO         8779    .text               mf_w.l(depilogue.o)
    0x08000776   0x08000776   0x00000022   Code   RO         8783    .text               mf_w.l(dflti.o)
    0x08000798   0x08000798   0x0000003e   Code   RO         8785    .text               mf_w.l(dfixi.o)
    0x080007d6   0x080007d6   0x00000002   PAD
    0x080007d8   0x080007d8   0x00000024   Code   RO         8795    .text               mc_w.l(init.o)
    0x080007fc   0x080007fc   0x0000001a   Code   RO         8799    .text               mf_w.l(dfltui.o)
    0x08000816   0x08000816   0x00000002   PAD
    0x08000818   0x08000818   0x00000118   Code   RO         3708    CODE                os_cpu_a.o
    0x08000930   0x08000930   0x00000090   Code   RO            3    i.AppObjCreate      app.o
    0x080009c0   0x080009c0   0x00000128   Code   RO            4    i.AppTaskCreate     app.o
    0x08000ae8   0x08000ae8   0x00000398   Code   RO            5    i.AppTaskEq0Fp      app.o
    0x08000e80   0x08000e80   0x00000258   Code   RO            6    i.AppTaskEq1Fp      app.o
    0x080010d8   0x080010d8   0x0000007c   Code   RO            7    i.AppTaskObj0       app.o
    0x08001154   0x08001154   0x0000007c   Code   RO            8    i.AppTaskObj1       app.o
    0x080011d0   0x080011d0   0x000000b0   Code   RO            9    i.AppTaskStart      app.o
    0x08001280   0x08001280   0x00000002   Code   RO          258    i.App_OS_IdleTaskHook  os_app_hooks.o
    0x08001282   0x08001282   0x00000002   PAD
    0x08001284   0x08001284   0x0000008c   Code   RO          260    i.App_OS_SetAllHooks  os_app_hooks.o
    0x08001310   0x08001310   0x00000002   Code   RO          261    i.App_OS_StatTaskHook  os_app_hooks.o
    0x08001312   0x08001312   0x00000002   Code   RO          262    i.App_OS_TaskCreateHook  os_app_hooks.o
    0x08001314   0x08001314   0x00000002   Code   RO          263    i.App_OS_TaskDelHook  os_app_hooks.o
    0x08001316   0x08001316   0x00000002   Code   RO          264    i.App_OS_TaskReturnHook  os_app_hooks.o
    0x08001318   0x08001318   0x00000002   Code   RO          265    i.App_OS_TaskSwHook  os_app_hooks.o
    0x0800131a   0x0800131a   0x00000008   Code   RO          266    i.App_OS_TimeTickHook  os_app_hooks.o
    0x08001322   0x08001322   0x0000000c   Code   RO          435    i.BSP_CPU_ClkFreq   bsp.o
    0x0800132e   0x0800132e   0x00000002   PAD
    0x08001330   0x08001330   0x00000088   Code   RO          436    i.BSP_Init          bsp.o
    0x080013b8   0x080013b8   0x00000008   Code   RO          523    i.BSP_IntDisAll     bsp_int.o
    0x080013c0   0x080013c0   0x00000048   Code   RO          525    i.BSP_IntHandler    bsp_int.o
    0x08001408   0x08001408   0x0000000a   Code   RO          526    i.BSP_IntHandlerADC  bsp_int.o
    0x08001412   0x08001412   0x0000000a   Code   RO          527    i.BSP_IntHandlerCAN1_RX0  bsp_int.o
    0x0800141c   0x0800141c   0x0000000a   Code   RO          528    i.BSP_IntHandlerCAN1_RX1  bsp_int.o
    0x08001426   0x08001426   0x0000000a   Code   RO          529    i.BSP_IntHandlerCAN1_SCE  bsp_int.o
    0x08001430   0x08001430   0x0000000a   Code   RO          530    i.BSP_IntHandlerCAN1_TX  bsp_int.o
    0x0800143a   0x0800143a   0x0000000a   Code   RO          531    i.BSP_IntHandlerCAN2_RX0  bsp_int.o
    0x08001444   0x08001444   0x0000000a   Code   RO          532    i.BSP_IntHandlerCAN2_RX1  bsp_int.o
    0x0800144e   0x0800144e   0x0000000a   Code   RO          533    i.BSP_IntHandlerCAN2_SCE  bsp_int.o
    0x08001458   0x08001458   0x0000000a   Code   RO          534    i.BSP_IntHandlerCAN2_TX  bsp_int.o
    0x08001462   0x08001462   0x0000000a   Code   RO          535    i.BSP_IntHandlerCRYP  bsp_int.o
    0x0800146c   0x0800146c   0x0000000a   Code   RO          536    i.BSP_IntHandlerDCMI  bsp_int.o
    0x08001476   0x08001476   0x0000000a   Code   RO          537    i.BSP_IntHandlerDMA1_CH0  bsp_int.o
    0x08001480   0x08001480   0x0000000a   Code   RO          538    i.BSP_IntHandlerDMA1_CH1  bsp_int.o
    0x0800148a   0x0800148a   0x0000000a   Code   RO          539    i.BSP_IntHandlerDMA1_CH2  bsp_int.o
    0x08001494   0x08001494   0x0000000a   Code   RO          540    i.BSP_IntHandlerDMA1_CH3  bsp_int.o
    0x0800149e   0x0800149e   0x0000000a   Code   RO          541    i.BSP_IntHandlerDMA1_CH4  bsp_int.o
    0x080014a8   0x080014a8   0x0000000a   Code   RO          542    i.BSP_IntHandlerDMA1_CH5  bsp_int.o
    0x080014b2   0x080014b2   0x0000000a   Code   RO          543    i.BSP_IntHandlerDMA1_CH6  bsp_int.o
    0x080014bc   0x080014bc   0x0000000a   Code   RO          544    i.BSP_IntHandlerDMA1_STREAM7  bsp_int.o
    0x080014c6   0x080014c6   0x0000000a   Code   RO          545    i.BSP_IntHandlerDMA2_CH0  bsp_int.o
    0x080014d0   0x080014d0   0x0000000a   Code   RO          546    i.BSP_IntHandlerDMA2_CH1  bsp_int.o
    0x080014da   0x080014da   0x0000000a   Code   RO          547    i.BSP_IntHandlerDMA2_CH2  bsp_int.o
    0x080014e4   0x080014e4   0x0000000a   Code   RO          548    i.BSP_IntHandlerDMA2_CH3  bsp_int.o
    0x080014ee   0x080014ee   0x0000000a   Code   RO          549    i.BSP_IntHandlerDMA2_CH4  bsp_int.o
    0x080014f8   0x080014f8   0x0000000a   Code   RO          550    i.BSP_IntHandlerDMA2_CH5  bsp_int.o
    0x08001502   0x08001502   0x0000000a   Code   RO          551    i.BSP_IntHandlerDMA2_CH6  bsp_int.o
    0x0800150c   0x0800150c   0x0000000a   Code   RO          552    i.BSP_IntHandlerDMA2_CH7  bsp_int.o
    0x08001516   0x08001516   0x00000004   Code   RO          553    i.BSP_IntHandlerDummy  bsp_int.o
    0x0800151a   0x0800151a   0x0000000a   Code   RO          554    i.BSP_IntHandlerETH  bsp_int.o
    0x08001524   0x08001524   0x0000000a   Code   RO          555    i.BSP_IntHandlerETHWakeup  bsp_int.o
    0x0800152e   0x0800152e   0x0000000a   Code   RO          556    i.BSP_IntHandlerEXTI0  bsp_int.o
    0x08001538   0x08001538   0x0000000a   Code   RO          557    i.BSP_IntHandlerEXTI1  bsp_int.o
    0x08001542   0x08001542   0x0000000a   Code   RO          558    i.BSP_IntHandlerEXTI15_10  bsp_int.o
    0x0800154c   0x0800154c   0x0000000a   Code   RO          559    i.BSP_IntHandlerEXTI2  bsp_int.o
    0x08001556   0x08001556   0x0000000a   Code   RO          560    i.BSP_IntHandlerEXTI3  bsp_int.o
    0x08001560   0x08001560   0x0000000a   Code   RO          561    i.BSP_IntHandlerEXTI4  bsp_int.o
    0x0800156a   0x0800156a   0x0000000a   Code   RO          562    i.BSP_IntHandlerEXTI9_5  bsp_int.o
    0x08001574   0x08001574   0x0000000a   Code   RO          563    i.BSP_IntHandlerFLASH  bsp_int.o
    0x0800157e   0x0800157e   0x0000000a   Code   RO          564    i.BSP_IntHandlerFPU  bsp_int.o
    0x08001588   0x08001588   0x0000000a   Code   RO          565    i.BSP_IntHandlerFSMC  bsp_int.o
    0x08001592   0x08001592   0x0000000a   Code   RO          566    i.BSP_IntHandlerHASH_RNG  bsp_int.o
    0x0800159c   0x0800159c   0x0000000a   Code   RO          567    i.BSP_IntHandlerI2C1_ER  bsp_int.o
    0x080015a6   0x080015a6   0x0000000a   Code   RO          568    i.BSP_IntHandlerI2C1_EV  bsp_int.o
    0x080015b0   0x080015b0   0x0000000a   Code   RO          569    i.BSP_IntHandlerI2C2_ER  bsp_int.o
    0x080015ba   0x080015ba   0x0000000a   Code   RO          570    i.BSP_IntHandlerI2C2_EV  bsp_int.o
    0x080015c4   0x080015c4   0x0000000a   Code   RO          571    i.BSP_IntHandlerI2C3_ER  bsp_int.o
    0x080015ce   0x080015ce   0x0000000a   Code   RO          572    i.BSP_IntHandlerI2C3_EV  bsp_int.o
    0x080015d8   0x080015d8   0x0000000a   Code   RO          573    i.BSP_IntHandlerOTG_FS  bsp_int.o
    0x080015e2   0x080015e2   0x0000000a   Code   RO          574    i.BSP_IntHandlerOTG_FS_WKUP  bsp_int.o
    0x080015ec   0x080015ec   0x0000000a   Code   RO          575    i.BSP_IntHandlerOTG_HS  bsp_int.o
    0x080015f6   0x080015f6   0x0000000a   Code   RO          576    i.BSP_IntHandlerOTG_HS_EP1_IN  bsp_int.o
    0x08001600   0x08001600   0x0000000a   Code   RO          577    i.BSP_IntHandlerOTG_HS_EP1_OUT  bsp_int.o
    0x0800160a   0x0800160a   0x0000000a   Code   RO          578    i.BSP_IntHandlerOTG_HS_WKUP  bsp_int.o
    0x08001614   0x08001614   0x0000000a   Code   RO          579    i.BSP_IntHandlerPVD  bsp_int.o
    0x0800161e   0x0800161e   0x0000000a   Code   RO          580    i.BSP_IntHandlerRCC  bsp_int.o
    0x08001628   0x08001628   0x0000000a   Code   RO          581    i.BSP_IntHandlerRTCAlarm  bsp_int.o
    0x08001632   0x08001632   0x0000000a   Code   RO          582    i.BSP_IntHandlerRTC_WKUP  bsp_int.o
    0x0800163c   0x0800163c   0x0000000a   Code   RO          583    i.BSP_IntHandlerSDIO  bsp_int.o
    0x08001646   0x08001646   0x0000000a   Code   RO          584    i.BSP_IntHandlerSPI1  bsp_int.o
    0x08001650   0x08001650   0x0000000a   Code   RO          585    i.BSP_IntHandlerSPI2  bsp_int.o
    0x0800165a   0x0800165a   0x0000000a   Code   RO          586    i.BSP_IntHandlerSPI3  bsp_int.o
    0x08001664   0x08001664   0x0000000a   Code   RO          587    i.BSP_IntHandlerTAMP_STAMP  bsp_int.o
    0x0800166e   0x0800166e   0x0000000a   Code   RO          588    i.BSP_IntHandlerTIM1_BRK_TIM9  bsp_int.o
    0x08001678   0x08001678   0x0000000a   Code   RO          589    i.BSP_IntHandlerTIM1_CC  bsp_int.o
    0x08001682   0x08001682   0x0000000a   Code   RO          590    i.BSP_IntHandlerTIM1_TRG_COM_TIM11  bsp_int.o
    0x0800168c   0x0800168c   0x0000000a   Code   RO          591    i.BSP_IntHandlerTIM1_UP_TIM10  bsp_int.o
    0x08001696   0x08001696   0x0000000a   Code   RO          592    i.BSP_IntHandlerTIM2  bsp_int.o
    0x080016a0   0x080016a0   0x0000000a   Code   RO          593    i.BSP_IntHandlerTIM3  bsp_int.o
    0x080016aa   0x080016aa   0x0000000a   Code   RO          594    i.BSP_IntHandlerTIM4  bsp_int.o
    0x080016b4   0x080016b4   0x0000000a   Code   RO          595    i.BSP_IntHandlerTIM5  bsp_int.o
    0x080016be   0x080016be   0x0000000a   Code   RO          596    i.BSP_IntHandlerTIM6_DAC  bsp_int.o
    0x080016c8   0x080016c8   0x0000000a   Code   RO          597    i.BSP_IntHandlerTIM7  bsp_int.o
    0x080016d2   0x080016d2   0x0000000a   Code   RO          598    i.BSP_IntHandlerTIM8_BRK_TIM12  bsp_int.o
    0x080016dc   0x080016dc   0x0000000a   Code   RO          599    i.BSP_IntHandlerTIM8_CC  bsp_int.o
    0x080016e6   0x080016e6   0x0000000a   Code   RO          600    i.BSP_IntHandlerTIM8_TRG_COM_TIM14  bsp_int.o
    0x080016f0   0x080016f0   0x0000000a   Code   RO          601    i.BSP_IntHandlerTIM8_UP_TIM13  bsp_int.o
    0x080016fa   0x080016fa   0x0000000a   Code   RO          602    i.BSP_IntHandlerUSART1  bsp_int.o
    0x08001704   0x08001704   0x0000000a   Code   RO          603    i.BSP_IntHandlerUSART2  bsp_int.o
    0x0800170e   0x0800170e   0x0000000a   Code   RO          604    i.BSP_IntHandlerUSART3  bsp_int.o
    0x08001718   0x08001718   0x0000000a   Code   RO          605    i.BSP_IntHandlerUSART4  bsp_int.o
    0x08001722   0x08001722   0x0000000a   Code   RO          606    i.BSP_IntHandlerUSART5  bsp_int.o
    0x0800172c   0x0800172c   0x0000000a   Code   RO          607    i.BSP_IntHandlerUSART6  bsp_int.o
    0x08001736   0x08001736   0x0000000a   Code   RO          608    i.BSP_IntHandlerWWDG  bsp_int.o
    0x08001740   0x08001740   0x0000001c   Code   RO          609    i.BSP_IntInit       bsp_int.o
    0x0800175c   0x0800175c   0x0000003c   Code   RO          611    i.BSP_IntVectSet    bsp_int.o
    0x08001798   0x08001798   0x00000002   Code   RO          437    i.BSP_LED_Init      bsp.o
    0x0800179a   0x0800179a   0x00000002   Code   RO          438    i.BSP_LED_Off       bsp.o
    0x0800179c   0x0800179c   0x00000002   Code   RO          440    i.BSP_LED_Toggle    bsp.o
    0x0800179e   0x0800179e   0x00000002   PAD
    0x080017a0   0x080017a0   0x0000001c   Code   RO          441    i.BSP_Tick_Init     bsp.o
    0x080017bc   0x080017bc   0x00000010   Code   RO         1468    i.CPU_Init          cpu_core.o
    0x080017cc   0x080017cc   0x00000084   Code   RO         1469    i.CPU_IntDisMeasInit  cpu_core.o
    0x08001850   0x08001850   0x0000001c   Code   RO         1470    i.CPU_IntDisMeasMaxCalc  cpu_core.o
    0x0800186c   0x0800186c   0x0000002c   Code   RO         1471    i.CPU_IntDisMeasMaxCurGet  cpu_core.o
    0x08001898   0x08001898   0x0000002c   Code   RO         1472    i.CPU_IntDisMeasMaxCurReset  cpu_core.o
    0x080018c4   0x080018c4   0x0000002c   Code   RO         1473    i.CPU_IntDisMeasMaxGet  cpu_core.o
    0x080018f0   0x080018f0   0x00000034   Code   RO         1474    i.CPU_IntDisMeasStart  cpu_core.o
    0x08001924   0x08001924   0x00000054   Code   RO         1475    i.CPU_IntDisMeasStop  cpu_core.o
    0x08001978   0x08001978   0x00000038   Code   RO         1476    i.CPU_NameClr       cpu_core.o
    0x080019b0   0x080019b0   0x00000008   Code   RO         1478    i.CPU_NameInit      cpu_core.o
    0x080019b8   0x080019b8   0x0000006c   Code   RO         1479    i.CPU_NameSet       cpu_core.o
    0x08001a24   0x08001a24   0x00000004   Code   RO         1481    i.CPU_SW_Exception  cpu_core.o
    0x08001a28   0x08001a28   0x00000014   Code   RO         1483    i.CPU_TS_Init       cpu_core.o
    0x08001a3c   0x08001a3c   0x0000000c   Code   RO         1485    i.CPU_TS_TmrFreqSet  cpu_core.o
    0x08001a48   0x08001a48   0x00000034   Code   RO         1098    i.CPU_TS_TmrInit    cpu_bsp.o
    0x08001a7c   0x08001a7c   0x0000000c   Code   RO         1099    i.CPU_TS_TmrRd      cpu_bsp.o
    0x08001a88   0x08001a88   0x0000000c   Code   RO         3808    i.HAL_GetREVID      stm32f3xx_hal.o
    0x08001a94   0x08001a94   0x0000000c   Code   RO         3809    i.HAL_GetTick       stm32f3xx_hal.o
    0x08001aa0   0x08001aa0   0x00000018   Code   RO         3815    i.HAL_IncTick       stm32f3xx_hal.o
    0x08001ab8   0x08001ab8   0x00000028   Code   RO         3816    i.HAL_Init          stm32f3xx_hal.o
    0x08001ae0   0x08001ae0   0x0000001c   Code   RO          442    i.HAL_InitTick      bsp.o
    0x08001afc   0x08001afc   0x00000002   Code   RO         5692    i.HAL_MspInit       stm32f3xx_hal_msp_template.o
    0x08001afe   0x08001afe   0x00000002   PAD
    0x08001b00   0x08001b00   0x00000028   Code   RO         4611    i.HAL_NVIC_SetPriorityGrouping  stm32f3xx_hal_cortex.o
    0x08001b28   0x08001b28   0x000002a8   Code   RO         5958    i.HAL_RCC_ClockConfig  stm32f3xx_hal_rcc.o
    0x08001dd0   0x08001dd0   0x00000108   Code   RO         5959    i.HAL_RCC_DeInit    stm32f3xx_hal_rcc.o
    0x08001ed8   0x08001ed8   0x0000000c   Code   RO         5963    i.HAL_RCC_GetHCLKFreq  stm32f3xx_hal_rcc.o
    0x08001ee4   0x08001ee4   0x0000008c   Code   RO         5967    i.HAL_RCC_GetSysClockFreq  stm32f3xx_hal_rcc.o
    0x08001f70   0x08001f70   0x00000a04   Code   RO         5970    i.HAL_RCC_OscConfig  stm32f3xx_hal_rcc.o
    0x08002974   0x08002974   0x0000000a   Code   RO         1791    i.Math_Init         lib_math.o
    0x0800297e   0x0800297e   0x00000002   PAD
    0x08002980   0x08002980   0x00000040   Code   RO         1792    i.Math_Rand         lib_math.o
    0x080029c0   0x080029c0   0x00000018   Code   RO         1793    i.Math_RandSeed     lib_math.o
    0x080029d8   0x080029d8   0x00000034   Code   RO         1794    i.Math_RandSetSeed  lib_math.o
    0x08002a0c   0x08002a0c   0x00000012   Code   RO         1836    i.Mem_Clr           lib_mem.o
    0x08002a1e   0x08002a1e   0x00000002   PAD
    0x08002a20   0x08002a20   0x00000048   Code   RO         1846    i.Mem_Init          lib_mem.o
    0x08002a68   0x08002a68   0x00000052   Code   RO         1859    i.Mem_SegCreate     lib_mem.o
    0x08002aba   0x08002aba   0x00000002   PAD
    0x08002abc   0x08002abc   0x00000020   Code   RO         1860    i.Mem_SegCreateCritical  lib_mem.o
    0x08002adc   0x08002adc   0x00000054   Code   RO         1863    i.Mem_Set           lib_mem.o
    0x08002b30   0x08002b30   0x00000002   Code   RO         2672    i.OSCfg_Init        os_cfg_app.o
    0x08002b32   0x08002b32   0x00000002   PAD
    0x08002b34   0x08002b34   0x00000068   Code   RO         2917    i.OSFlagCreate      os_flag.o
    0x08002b9c   0x08002b9c   0x00000308   Code   RO         2918    i.OSFlagPend        os_flag.o
    0x08002ea4   0x08002ea4   0x00000040   Code   RO         2920    i.OSFlagPost        os_flag.o
    0x08002ee4   0x08002ee4   0x00000014   Code   RO         3711    i.OSIdleTaskHook    os_cpu_c.o
    0x08002ef8   0x08002ef8   0x0000014c   Code   RO         2698    i.OSInit            os_core.o
    0x08003044   0x08003044   0x00000028   Code   RO         3712    i.OSInitHook        os_cpu_c.o
    0x0800306c   0x0800306c   0x0000002c   Code   RO         2699    i.OSIntEnter        os_core.o
    0x08003098   0x08003098   0x000000dc   Code   RO         2700    i.OSIntExit         os_core.o
    0x08003174   0x08003174   0x0000006c   Code   RO         3067    i.OSMutexCreate     os_mutex.o
    0x080031e0   0x080031e0   0x000001ec   Code   RO         3068    i.OSMutexPend       os_mutex.o
    0x080033cc   0x080033cc   0x0000017c   Code   RO         3069    i.OSMutexPost       os_mutex.o
    0x08003548   0x08003548   0x0000006c   Code   RO         3206    i.OSQCreate         os_q.o
    0x080035b4   0x080035b4   0x000001a0   Code   RO         3207    i.OSQPend           os_q.o
    0x08003754   0x08003754   0x00000040   Code   RO         3209    i.OSQPost           os_q.o
    0x08003794   0x08003794   0x000000a4   Code   RO         2701    i.OSSched           os_core.o
    0x08003838   0x08003838   0x00000064   Code   RO         2702    i.OSSchedLock       os_core.o
    0x0800389c   0x0800389c   0x00000088   Code   RO         2703    i.OSSchedUnlock     os_core.o
    0x08003924   0x08003924   0x00000068   Code   RO         3266    i.OSSemCreate       os_sem.o
    0x0800398c   0x0800398c   0x00000188   Code   RO         3268    i.OSSemPend         os_sem.o
    0x08003b14   0x08003b14   0x0000003c   Code   RO         3270    i.OSSemPost         os_sem.o
    0x08003b50   0x08003b50   0x00000068   Code   RO         2704    i.OSStart           os_core.o
    0x08003bb8   0x08003bb8   0x00000148   Code   RO         3338    i.OSStatReset       os_stat.o
    0x08003d00   0x08003d00   0x00000100   Code   RO         3339    i.OSStatTaskCPUUsageInit  os_stat.o
    0x08003e00   0x08003e00   0x00000014   Code   RO         3713    i.OSStatTaskHook    os_cpu_c.o
    0x08003e14   0x08003e14   0x00000144   Code   RO         3369    i.OSTaskCreate      os_task.o
    0x08003f58   0x08003f58   0x00000018   Code   RO         3714    i.OSTaskCreateHook  os_cpu_c.o
    0x08003f70   0x08003f70   0x00000036   Code   RO         3376    i.OSTaskResume      os_task.o
    0x08003fa6   0x08003fa6   0x00000002   PAD
    0x08003fa8   0x08003fa8   0x00000018   Code   RO         3716    i.OSTaskReturnHook  os_cpu_c.o
    0x08003fc0   0x08003fc0   0x000001c8   Code   RO         3377    i.OSTaskSemPend     os_task.o
    0x08004188   0x08004188   0x00000024   Code   RO         3379    i.OSTaskSemPost     os_task.o
    0x080041ac   0x080041ac   0x000000bc   Code   RO         3381    i.OSTaskStkChk      os_task.o
    0x08004268   0x08004268   0x000002c4   Code   RO         3717    i.OSTaskStkInit     os_cpu_c.o
    0x0800452c   0x0800452c   0x00000024   Code   RO         3382    i.OSTaskSuspend     os_task.o
    0x08004550   0x08004550   0x000000ac   Code   RO         3718    i.OSTaskSwHook      os_cpu_c.o
    0x080045fc   0x080045fc   0x000000b0   Code   RO         3570    i.OSTimeDly         os_time.o
    0x080046ac   0x080046ac   0x00000114   Code   RO         3571    i.OSTimeDlyHMSM     os_time.o
    0x080047c0   0x080047c0   0x00000044   Code   RO         3574    i.OSTimeTick        os_time.o
    0x08004804   0x08004804   0x00000014   Code   RO         3719    i.OSTimeTickHook    os_cpu_c.o
    0x08004818   0x08004818   0x00000040   Code   RO         3720    i.OS_CPU_SysTickHandler  os_cpu_c.o
    0x08004858   0x08004858   0x00000030   Code   RO         3721    i.OS_CPU_SysTickInit  os_cpu_c.o
    0x08004888   0x08004888   0x000001a8   Code   RO         2902    i.OS_Dbg_Init       os_dbg.o
    0x08004a30   0x08004a30   0x0000003c   Code   RO         2921    i.OS_FlagBlock      os_flag.o
    0x08004a6c   0x08004a6c   0x00000030   Code   RO         2923    i.OS_FlagDbgListAdd  os_flag.o
    0x08004a9c   0x08004a9c   0x00000018   Code   RO         2925    i.OS_FlagInit       os_flag.o
    0x08004ab4   0x08004ab4   0x00000174   Code   RO         2926    i.OS_FlagPost       os_flag.o
    0x08004c28   0x08004c28   0x00000064   Code   RO         2927    i.OS_FlagTaskRdy    os_flag.o
    0x08004c8c   0x08004c8c   0x0000004c   Code   RO         2706    i.OS_IdleTask       os_core.o
    0x08004cd8   0x08004cd8   0x00000070   Code   RO         2707    i.OS_IdleTaskInit   os_core.o
    0x08004d48   0x08004d48   0x00000018   Code   RO         2999    i.OS_MemInit        os_mem.o
    0x08004d60   0x08004d60   0x0000005c   Code   RO         3031    i.OS_MsgPoolInit    os_msg.o
    0x08004dbc   0x08004dbc   0x00000068   Code   RO         3033    i.OS_MsgQGet        os_msg.o
    0x08004e24   0x08004e24   0x0000000e   Code   RO         3034    i.OS_MsgQInit       os_msg.o
    0x08004e32   0x08004e32   0x00000002   PAD
    0x08004e34   0x08004e34   0x00000104   Code   RO         3035    i.OS_MsgQPut        os_msg.o
    0x08004f38   0x08004f38   0x00000030   Code   RO         3071    i.OS_MutexDbgListAdd  os_mutex.o
    0x08004f68   0x08004f68   0x00000008   Code   RO         3073    i.OS_MutexGrpAdd    os_mutex.o
    0x08004f70   0x08004f70   0x0000002c   Code   RO         3075    i.OS_MutexGrpPrioFindHighest  os_mutex.o
    0x08004f9c   0x08004f9c   0x0000001c   Code   RO         3076    i.OS_MutexGrpRemove  os_mutex.o
    0x08004fb8   0x08004fb8   0x00000018   Code   RO         3077    i.OS_MutexInit      os_mutex.o
    0x08004fd0   0x08004fd0   0x00000068   Code   RO         2708    i.OS_Pend           os_core.o
    0x08005038   0x08005038   0x00000028   Code   RO         2711    i.OS_PendDataInit   os_core.o
    0x08005060   0x08005060   0x0000005c   Code   RO         2712    i.OS_PendDbgNameAdd  os_core.o
    0x080050bc   0x080050bc   0x00000024   Code   RO         2713    i.OS_PendDbgNameRemove  os_core.o
    0x080050e0   0x080050e0   0x0000003a   Code   RO         2714    i.OS_PendListChangePrio  os_core.o
    0x0800511a   0x0800511a   0x0000000a   Code   RO         2715    i.OS_PendListInit   os_core.o
    0x08005124   0x08005124   0x00000066   Code   RO         2717    i.OS_PendListInsertPrio  os_core.o
    0x0800518a   0x0800518a   0x00000034   Code   RO         2718    i.OS_PendListRemove  os_core.o
    0x080051be   0x080051be   0x00000042   Code   RO         2719    i.OS_PendListRemove1  os_core.o
    0x08005200   0x08005200   0x000000d6   Code   RO         2722    i.OS_Post           os_core.o
    0x080052d6   0x080052d6   0x0000002c   Code   RO         2723    i.OS_Post1          os_core.o
    0x08005302   0x08005302   0x00000002   PAD
    0x08005304   0x08005304   0x00000028   Code   RO         3169    i.OS_PrioGetHighest  os_prio.o
    0x0800532c   0x0800532c   0x00000018   Code   RO         3170    i.OS_PrioInit       os_prio.o
    0x08005344   0x08005344   0x00000024   Code   RO         3171    i.OS_PrioInsert     os_prio.o
    0x08005368   0x08005368   0x00000024   Code   RO         3172    i.OS_PrioRemove     os_prio.o
    0x0800538c   0x0800538c   0x00000030   Code   RO         3211    i.OS_QDbgListAdd    os_q.o
    0x080053bc   0x080053bc   0x00000018   Code   RO         3213    i.OS_QInit          os_q.o
    0x080053d4   0x080053d4   0x000000ca   Code   RO         3214    i.OS_QPost          os_q.o
    0x0800549e   0x0800549e   0x00000002   PAD
    0x080054a0   0x080054a0   0x00000024   Code   RO         2724    i.OS_RdyListInit    os_core.o
    0x080054c4   0x080054c4   0x0000002c   Code   RO         2725    i.OS_RdyListInsert  os_core.o
    0x080054f0   0x080054f0   0x00000040   Code   RO         2726    i.OS_RdyListInsertHead  os_core.o
    0x08005530   0x08005530   0x0000003c   Code   RO         2727    i.OS_RdyListInsertTail  os_core.o
    0x0800556c   0x0800556c   0x0000005c   Code   RO         2729    i.OS_RdyListRemove  os_core.o
    0x080055c8   0x080055c8   0x00000030   Code   RO         3273    i.OS_SemDbgListAdd  os_sem.o
    0x080055f8   0x080055f8   0x00000018   Code   RO         3275    i.OS_SemInit        os_sem.o
    0x08005610   0x08005610   0x0000013e   Code   RO         3276    i.OS_SemPost        os_sem.o
    0x0800574e   0x0800574e   0x00000002   PAD
    0x08005750   0x08005750   0x00000324   Code   RO         3340    i.OS_StatTask       os_stat.o
    0x08005a74   0x08005a74   0x000000cc   Code   RO         3341    i.OS_StatTaskInit   os_stat.o
    0x08005b40   0x08005b40   0x0000002c   Code   RO         2730    i.OS_TaskBlock      os_core.o
    0x08005b6c   0x08005b6c   0x000000ec   Code   RO         3383    i.OS_TaskChangePrio  os_task.o
    0x08005c58   0x08005c58   0x00000030   Code   RO         3384    i.OS_TaskDbgListAdd  os_task.o
    0x08005c88   0x08005c88   0x00000020   Code   RO         3386    i.OS_TaskInit       os_task.o
    0x08005ca8   0x08005ca8   0x000000c4   Code   RO         3387    i.OS_TaskInitTCB    os_task.o
    0x08005d6c   0x08005d6c   0x0000011c   Code   RO         3389    i.OS_TaskResume     os_task.o
    0x08005e88   0x08005e88   0x00000024   Code   RO         3390    i.OS_TaskReturn     os_task.o
    0x08005eac   0x08005eac   0x000001f0   Code   RO         3391    i.OS_TaskSemPost    os_task.o
    0x0800609c   0x0800609c   0x00000138   Code   RO         3392    i.OS_TaskSuspend    os_task.o
    0x080061d4   0x080061d4   0x00000086   Code   RO         3524    i.OS_TickListInsert  os_tick.o
    0x0800625a   0x0800625a   0x00000002   PAD
    0x0800625c   0x0800625c   0x000000bc   Code   RO         3525    i.OS_TickListInsertDly  os_tick.o
    0x08006318   0x08006318   0x00000058   Code   RO         3526    i.OS_TickListRemove  os_tick.o
    0x08006370   0x08006370   0x000000a0   Code   RO         3527    i.OS_TickListUpdateDly  os_tick.o
    0x08006410   0x08006410   0x0000011c   Code   RO         3528    i.OS_TickListUpdateTimeout  os_tick.o
    0x0800652c   0x0800652c   0x0000006c   Code   RO         3529    i.OS_TickTask       os_tick.o
    0x08006598   0x08006598   0x000000c8   Code   RO         3530    i.OS_TickTaskInit   os_tick.o
    0x08006660   0x08006660   0x00000134   Code   RO         3615    i.OS_TmrInit        os_tmr.o
    0x08006794   0x08006794   0x00000018   Code   RO         3616    i.OS_TmrLock        os_tmr.o
    0x080067ac   0x080067ac   0x00000094   Code   RO         3617    i.OS_TmrTask        os_tmr.o
    0x08006840   0x08006840   0x00000044   Code   RO         3618    i.OS_TmrUnlink      os_tmr.o
    0x08006884   0x08006884   0x00000014   Code   RO         3619    i.OS_TmrUnlock      os_tmr.o
    0x08006898   0x08006898   0x00000046   Code   RO         2028    i.Str_Copy_N        lib_str.o
    0x080068de   0x080068de   0x0000001c   Code   RO         2033    i.Str_Len_N         lib_str.o
    0x080068fa   0x080068fa   0x00000002   PAD
    0x080068fc   0x080068fc   0x0000007c   Code   RO         1393    i.SystemInit        system_stm32f3xx.o
    0x08006978   0x08006978   0x00000030   Code   RO         8728    i.__ARM_fpclassify  m_wm.l(fpclassify.o)
    0x080069a8   0x080069a8   0x000000c8   Code   RO         8387    i.__hardfp_cos      m_wm.l(cos.o)
    0x08006a70   0x08006a70   0x00000358   Code   RO         8399    i.__hardfp_exp      m_wm.l(exp.o)
    0x08006dc8   0x08006dc8   0x000000c8   Code   RO         8413    i.__hardfp_sin      m_wm.l(sin.o)
    0x08006e90   0x08006e90   0x00000438   Code   RO         8733    i.__ieee754_rem_pio2  m_wm.l(rred.o)
    0x080072c8   0x080072c8   0x00000170   Code   RO         8711    i.__kernel_cos      m_wm.l(cos_i.o)
    0x08007438   0x08007438   0x000000f8   Code   RO         8730    i.__kernel_poly     m_wm.l(poly.o)
    0x08007530   0x08007530   0x00000130   Code   RO         8738    i.__kernel_sin      m_wm.l(sin_i.o)
    0x08007660   0x08007660   0x00000014   Code   RO         8715    i.__mathlib_dbl_infnan  m_wm.l(dunder.o)
    0x08007674   0x08007674   0x00000004   PAD
    0x08007678   0x08007678   0x00000020   Code   RO         8717    i.__mathlib_dbl_invalid  m_wm.l(dunder.o)
    0x08007698   0x08007698   0x00000020   Code   RO         8718    i.__mathlib_dbl_overflow  m_wm.l(dunder.o)
    0x080076b8   0x080076b8   0x00000020   Code   RO         8720    i.__mathlib_dbl_underflow  m_wm.l(dunder.o)
    0x080076d8   0x080076d8   0x0000000e   Code   RO         8803    i.__scatterload_copy  mc_w.l(handlers.o)
    0x080076e6   0x080076e6   0x00000002   Code   RO         8804    i.__scatterload_null  mc_w.l(handlers.o)
    0x080076e8   0x080076e8   0x0000000e   Code   RO         8805    i.__scatterload_zeroinit  mc_w.l(handlers.o)
    0x080076f6   0x080076f6   0x00000002   PAD
    0x080076f8   0x080076f8   0x0000000c   Code   RO         8771    i.__set_errno       mc_w.l(errno.o)
    0x08007704   0x08007704   0x00000018   Code   RO         8791    i.fabs              m_wm.l(fabs.o)
    0x0800771c   0x0800771c   0x00000088   Code   RO           11    i.main              app.o
    0x080077a4   0x080077a4   0x00000018   Data   RO         1394    .constdata          system_stm32f3xx.o
    0x080077bc   0x080077bc   0x00000094   Data   RO         2674    .constdata          os_cfg_app.o
    0x08007850   0x08007850   0x0000016c   Data   RO         2903    .constdata          os_dbg.o
    0x080079bc   0x080079bc   0x00000020   Data   RO         5971    .constdata          stm32f3xx_hal_rcc.o
    0x080079dc   0x080079dc   0x00000004   PAD
    0x080079e0   0x080079e0   0x00000058   Data   RO         8402    .constdata          m_wm.l(exp.o)
    0x08007a38   0x08007a38   0x00000030   Data   RO         8712    .constdata          m_wm.l(cos_i.o)
    0x08007a68   0x08007a68   0x000000c8   Data   RO         8735    .constdata          m_wm.l(rred.o)
    0x08007b30   0x08007b30   0x00000028   Data   RO         8739    .constdata          m_wm.l(sin_i.o)
    0x08007b58   0x08007b58   0x00000020   Data   RO         8801    Region$$Table       anon$$obj.o


    Execution Region RW_IRAM1 (Exec base: 0x20000000, Load base: 0x08007b78, Size: 0x00003d20, Max: 0x00004000, ABSOLUTE)

    Exec Addr    Load Addr    Size         Type   Attr      Idx    E Section Name        Object

    0x20000000   0x08007b78   0x00000004   Data   RW         1395    .data               system_stm32f3xx.o
    0x20000004   0x08007b7c   0x0000001c   Data   RW         1489    .data               cpu_core.o
    0x20000020   0x08007b98   0x00000004   Data   RW         1795    .data               lib_math.o
    0x20000024   0x08007b9c   0x00000004   Data   RW         1865    .data               lib_mem.o
    0x20000028   0x08007ba0   0x00000004   Data   RW         3173    .data               os_prio.o
    0x2000002c   0x08007ba4   0x000000bc   Data   RW         3695    .data               os_var.o
    0x200000e8   0x08007c60   0x00000004   Data   RW         3722    .data               os_cpu_c.o
    0x200000ec   0x08007c64   0x00000009   Data   RW         3823    .data               stm32f3xx_hal.o
    0x200000f5   0x08007c6d   0x00000003   PAD
    0x200000f8   0x08007c70   0x00000004   Data   RW         8772    .data               mc_w.l(errno.o)
    0x200000fc        -       0x00002098   Zero   RW           12    .bss                app.o
    0x20002194        -       0x00000148   Zero   RW          612    .bss                bsp_int.o
    0x200022dc        -       0x00000010   Zero   RW         1487    .bss                cpu_core.o
    0x200022ec        -       0x00000414   Zero   RW         1864    .bss                lib_mem.o
    0x20002700        -       0x00000f60   Zero   RW         2673    .bss                os_cfg_app.o
    0x20003660        -       0x000004bc   Zero   RW         3694    .bss                os_var.o
    0x20003b1c   0x08007c74   0x00000004   PAD
    0x20003b20        -       0x00000200   Zero   RW         1344    STACK               startup.o


==============================================================================

Image component sizes


      Code (inc. data)   RO Data    RW Data    ZI Data      Debug   Object Name

      2520        322          0          0       8344     482815   app.o
         0          0          0          0          0       7860   app_serial.o
       210         18          0          0          0      13003   bsp.o
       992         16          0          0        328      48089   bsp_int.o
        52          0          0          0          0        404   cpu_a.o
        64         14          0          0          0       2968   cpu_bsp.o
       652        102          0         28         16      11689   cpu_core.o
         0          0          0          0          0      11188   lib_ascii.o
       150         14          0          4          0       3766   lib_math.o
       288         24          0          4       1044      15845   lib_mem.o
        98          0          0          0          0       2141   lib_str.o
       160         56          0          0          0      54052   os_app_hooks.o
         2          0        148          0       3936      20217   os_cfg_app.o
      2446        316          0          0          0      20095   os_core.o
       280         14          0          0          0        492   os_cpu_a.o
      1140        160          0          4          0      27189   os_cpu_c.o
       424        278        364          0          0       4957   os_dbg.o
      1548         60          0          0          0       8305   os_flag.o
        24         10          0          0          0       1033   os_mem.o
       470         24          0          0          0       3825   os_msg.o
      1132         56          0          0          0       7102   os_mutex.o
       136         16          0          4          0       3318   os_prio.o
       862         48          0          0          0       6035   os_q.o
       946         48          0          0          0       6067   os_sem.o
      1592        196          0          0          0       4443   os_stat.o
      2734        128          0          0          0      13242   os_task.o
      1162         88          0          0          0       6519   os_tick.o
       520         40          0          0          0       3081   os_time.o
       568        142          0          0          0       4029   os_tmr.o
         0          0          0        188       1212      17946   os_var.o
        72         18        392          0        512        748   startup.o
        88         24          0          9          0      12013   stm32f3xx_hal.o
        40          8          0          0          0      25458   stm32f3xx_hal_cortex.o
         2          0          0          0          0        618   stm32f3xx_hal_msp_template.o
      3660        102         32          0          0       6547   stm32f3xx_hal_rcc.o
       124         20         24          4          0       1375   system_stm32f3xx.o

    ----------------------------------------------------------------------
     25188       2362        996        248      15396     858474   Object Totals
         0          0         32          0          0          0   (incl. Generated)
        30          0          4          3          4          0   (incl. Padding)

    ----------------------------------------------------------------------

      Code (inc. data)   RO Data    RW Data    ZI Data      Debug   Library Member Name

       200         20          0          0          0        164   cos.o
       368         46         48          0          0        200   cos_i.o
       116         24          0          0          0        496   dunder.o
       856        142         88          0          0        288   exp.o
        24          0          0          0          0        124   fabs.o
        48          0          0          0          0        124   fpclassify.o
       248          0          0          0          0        152   poly.o
      1080        142        200          0          0        188   rred.o
       200         20          0          0          0        164   sin.o
       304         24         40          0          0        208   sin_i.o
         0          0          0          0          0          0   entry.o
         0          0          0          0          0          0   entry10a.o
         0          0          0          0          0          0   entry11a.o
         4          0          0          0          0          0   entry12b.o
         8          4          0          0          0          0   entry2.o
         4          0          0          0          0          0   entry5.o
         0          0          0          0          0          0   entry7b.o
         0          0          0          0          0          0   entry8b.o
         8          4          0          0          0          0   entry9a.o
        12          6          0          4          0         68   errno.o
        30          0          0          0          0          0   handlers.o
        36          8          0          0          0         68   init.o
         0          0          0          0          0          0   iusefp.o
        30          0          0          0          0         68   llshl.o
        36          0          0          0          0         68   llsshr.o
        32          0          0          0          0         68   llushr.o
        48          0          0          0          0         68   cdcmple.o
        48          0          0          0          0         68   cdrcmple.o
        56          0          0          0          0         88   d2f.o
       334          0          0          0          0        148   dadd.o
       222          0          0          0          0        100   ddiv.o
       186          0          0          0          0        176   depilogue.o
        62          0          0          0          0         80   dfixi.o
        34          0          0          0          0         76   dflti.o
        26          0          0          0          0         76   dfltui.o
       228          0          0          0          0         96   dmul.o
        38          0          0          0          0         68   f2d.o
       110          0          0          0          0        168   fepilogue.o

    ----------------------------------------------------------------------
      5048        440        376          4          0       3660   Library Totals
        12          0          0          0          0          0   (incl. Padding)

    ----------------------------------------------------------------------

      Code (inc. data)   RO Data    RW Data    ZI Data      Debug   Library Name

      3444        418        376          0          0       2108   m_wm.l
       200         22          0          4          0        340   mc_w.l
      1392          0          0          0          0       1212   mf_w.l

    ----------------------------------------------------------------------
      5048        440        376          4          0       3660   Library Totals

    ----------------------------------------------------------------------

==============================================================================


      Code (inc. data)   RO Data    RW Data    ZI Data      Debug   

     30236       2802       1372        252      15396     835210   Grand Totals
     30236       2802       1372        252      15396     835210   ELF Image Totals
     30236       2802       1372        252          0          0   ROM Totals

==============================================================================

    Total RO  Size (Code + RO Data)                31608 (  30.87kB)
    Total RW  Size (RW Data + ZI Data)             15648 (  15.28kB)
    Total ROM Size (Code + RO Data + RW Data)      31860 (  31.11kB)

==============================================================================

